Archive member included to satisfy reference by file (symbol)

soc/libsoc.a(startup.c.obj)   (Reset_Handler)
soc/libsoc.a(system.c.obj)    soc/libsoc.a(startup.c.obj) (SystemInit)
/opt/arm-gnu-toolchain-13.3.rel1-x86_64-arm-none-eabi/bin/../lib/gcc/arm-none-eabi/13.3.1/../../../../arm-none-eabi/lib/thumb/v8-m.main+fp/hard/libg_nano.a(libc_a-exit.o)
                              /opt/arm-gnu-toolchain-13.3.rel1-x86_64-arm-none-eabi/bin/../lib/gcc/arm-none-eabi/13.3.1/../../../../arm-none-eabi/lib/thumb/v8-m.main+fp/hard/rdimon-crt0.o (exit)
/opt/arm-gnu-toolchain-13.3.rel1-x86_64-arm-none-eabi/bin/../lib/gcc/arm-none-eabi/13.3.1/../../../../arm-none-eabi/lib/thumb/v8-m.main+fp/hard/libg_nano.a(libc_a-init.o)
                              /opt/arm-gnu-toolchain-13.3.rel1-x86_64-arm-none-eabi/bin/../lib/gcc/arm-none-eabi/13.3.1/../../../../arm-none-eabi/lib/thumb/v8-m.main+fp/hard/rdimon-crt0.o (__libc_init_array)
/opt/arm-gnu-toolchain-13.3.rel1-x86_64-arm-none-eabi/bin/../lib/gcc/arm-none-eabi/13.3.1/../../../../arm-none-eabi/lib/thumb/v8-m.main+fp/hard/libg_nano.a(libc_a-memset.o)
                              /opt/arm-gnu-toolchain-13.3.rel1-x86_64-arm-none-eabi/bin/../lib/gcc/arm-none-eabi/13.3.1/../../../../arm-none-eabi/lib/thumb/v8-m.main+fp/hard/rdimon-crt0.o (memset)
/opt/arm-gnu-toolchain-13.3.rel1-x86_64-arm-none-eabi/bin/../lib/gcc/arm-none-eabi/13.3.1/../../../../arm-none-eabi/lib/thumb/v8-m.main+fp/hard/libg_nano.a(libc_a-findfp.o)
                              /opt/arm-gnu-toolchain-13.3.rel1-x86_64-arm-none-eabi/bin/../lib/gcc/arm-none-eabi/13.3.1/../../../../arm-none-eabi/lib/thumb/v8-m.main+fp/hard/libg_nano.a(libc_a-exit.o) (__stdio_exit_handler)
/opt/arm-gnu-toolchain-13.3.rel1-x86_64-arm-none-eabi/bin/../lib/gcc/arm-none-eabi/13.3.1/../../../../arm-none-eabi/lib/thumb/v8-m.main+fp/hard/libg_nano.a(libc_a-stdio.o)
                              /opt/arm-gnu-toolchain-13.3.rel1-x86_64-arm-none-eabi/bin/../lib/gcc/arm-none-eabi/13.3.1/../../../../arm-none-eabi/lib/thumb/v8-m.main+fp/hard/libg_nano.a(libc_a-findfp.o) (__sread)
/opt/arm-gnu-toolchain-13.3.rel1-x86_64-arm-none-eabi/bin/../lib/gcc/arm-none-eabi/13.3.1/../../../../arm-none-eabi/lib/thumb/v8-m.main+fp/hard/libg_nano.a(libc_a-lseekr.o)
                              /opt/arm-gnu-toolchain-13.3.rel1-x86_64-arm-none-eabi/bin/../lib/gcc/arm-none-eabi/13.3.1/../../../../arm-none-eabi/lib/thumb/v8-m.main+fp/hard/libg_nano.a(libc_a-stdio.o) (_lseek_r)
/opt/arm-gnu-toolchain-13.3.rel1-x86_64-arm-none-eabi/bin/../lib/gcc/arm-none-eabi/13.3.1/../../../../arm-none-eabi/lib/thumb/v8-m.main+fp/hard/libg_nano.a(libc_a-readr.o)
                              /opt/arm-gnu-toolchain-13.3.rel1-x86_64-arm-none-eabi/bin/../lib/gcc/arm-none-eabi/13.3.1/../../../../arm-none-eabi/lib/thumb/v8-m.main+fp/hard/libg_nano.a(libc_a-stdio.o) (_read_r)
/opt/arm-gnu-toolchain-13.3.rel1-x86_64-arm-none-eabi/bin/../lib/gcc/arm-none-eabi/13.3.1/../../../../arm-none-eabi/lib/thumb/v8-m.main+fp/hard/libg_nano.a(libc_a-fwalk.o)
                              /opt/arm-gnu-toolchain-13.3.rel1-x86_64-arm-none-eabi/bin/../lib/gcc/arm-none-eabi/13.3.1/../../../../arm-none-eabi/lib/thumb/v8-m.main+fp/hard/libg_nano.a(libc_a-findfp.o) (_fwalk_sglue)
/opt/arm-gnu-toolchain-13.3.rel1-x86_64-arm-none-eabi/bin/../lib/gcc/arm-none-eabi/13.3.1/../../../../arm-none-eabi/lib/thumb/v8-m.main+fp/hard/libg_nano.a(libc_a-writer.o)
                              /opt/arm-gnu-toolchain-13.3.rel1-x86_64-arm-none-eabi/bin/../lib/gcc/arm-none-eabi/13.3.1/../../../../arm-none-eabi/lib/thumb/v8-m.main+fp/hard/libg_nano.a(libc_a-stdio.o) (_write_r)
/opt/arm-gnu-toolchain-13.3.rel1-x86_64-arm-none-eabi/bin/../lib/gcc/arm-none-eabi/13.3.1/../../../../arm-none-eabi/lib/thumb/v8-m.main+fp/hard/libg_nano.a(libc_a-lock.o)
                              /opt/arm-gnu-toolchain-13.3.rel1-x86_64-arm-none-eabi/bin/../lib/gcc/arm-none-eabi/13.3.1/../../../../arm-none-eabi/lib/thumb/v8-m.main+fp/hard/libg_nano.a(libc_a-findfp.o) (__retarget_lock_init_recursive)
/opt/arm-gnu-toolchain-13.3.rel1-x86_64-arm-none-eabi/bin/../lib/gcc/arm-none-eabi/13.3.1/../../../../arm-none-eabi/lib/thumb/v8-m.main+fp/hard/libg_nano.a(libc_a-fflush.o)
                              /opt/arm-gnu-toolchain-13.3.rel1-x86_64-arm-none-eabi/bin/../lib/gcc/arm-none-eabi/13.3.1/../../../../arm-none-eabi/lib/thumb/v8-m.main+fp/hard/libg_nano.a(libc_a-findfp.o) (_fflush_r)
/opt/arm-gnu-toolchain-13.3.rel1-x86_64-arm-none-eabi/bin/../lib/gcc/arm-none-eabi/13.3.1/../../../../arm-none-eabi/lib/thumb/v8-m.main+fp/hard/libg_nano.a(libc_a-mallocr.o)
                              /opt/arm-gnu-toolchain-13.3.rel1-x86_64-arm-none-eabi/bin/../lib/gcc/arm-none-eabi/13.3.1/../../../../arm-none-eabi/lib/thumb/v8-m.main+fp/hard/libg_nano.a(libc_a-findfp.o) (_malloc_r)
/opt/arm-gnu-toolchain-13.3.rel1-x86_64-arm-none-eabi/bin/../lib/gcc/arm-none-eabi/13.3.1/../../../../arm-none-eabi/lib/thumb/v8-m.main+fp/hard/libg_nano.a(libc_a-closer.o)
                              /opt/arm-gnu-toolchain-13.3.rel1-x86_64-arm-none-eabi/bin/../lib/gcc/arm-none-eabi/13.3.1/../../../../arm-none-eabi/lib/thumb/v8-m.main+fp/hard/libg_nano.a(libc_a-stdio.o) (_close_r)
/opt/arm-gnu-toolchain-13.3.rel1-x86_64-arm-none-eabi/bin/../lib/gcc/arm-none-eabi/13.3.1/../../../../arm-none-eabi/lib/thumb/v8-m.main+fp/hard/libg_nano.a(libc_a-reent.o)
                              /opt/arm-gnu-toolchain-13.3.rel1-x86_64-arm-none-eabi/bin/../lib/gcc/arm-none-eabi/13.3.1/../../../../arm-none-eabi/lib/thumb/v8-m.main+fp/hard/libg_nano.a(libc_a-lseekr.o) (errno)
/opt/arm-gnu-toolchain-13.3.rel1-x86_64-arm-none-eabi/bin/../lib/gcc/arm-none-eabi/13.3.1/../../../../arm-none-eabi/lib/thumb/v8-m.main+fp/hard/libg_nano.a(libc_a-impure.o)
                              /opt/arm-gnu-toolchain-13.3.rel1-x86_64-arm-none-eabi/bin/../lib/gcc/arm-none-eabi/13.3.1/../../../../arm-none-eabi/lib/thumb/v8-m.main+fp/hard/libg_nano.a(libc_a-fflush.o) (_impure_ptr)
/opt/arm-gnu-toolchain-13.3.rel1-x86_64-arm-none-eabi/bin/../lib/gcc/arm-none-eabi/13.3.1/../../../../arm-none-eabi/lib/thumb/v8-m.main+fp/hard/libg_nano.a(libc_a-mlock.o)
                              /opt/arm-gnu-toolchain-13.3.rel1-x86_64-arm-none-eabi/bin/../lib/gcc/arm-none-eabi/13.3.1/../../../../arm-none-eabi/lib/thumb/v8-m.main+fp/hard/libg_nano.a(libc_a-mallocr.o) (__malloc_lock)
/opt/arm-gnu-toolchain-13.3.rel1-x86_64-arm-none-eabi/bin/../lib/gcc/arm-none-eabi/13.3.1/../../../../arm-none-eabi/lib/thumb/v8-m.main+fp/hard/libg_nano.a(libc_a-sbrkr.o)
                              /opt/arm-gnu-toolchain-13.3.rel1-x86_64-arm-none-eabi/bin/../lib/gcc/arm-none-eabi/13.3.1/../../../../arm-none-eabi/lib/thumb/v8-m.main+fp/hard/libg_nano.a(libc_a-mallocr.o) (_sbrk_r)
/opt/arm-gnu-toolchain-13.3.rel1-x86_64-arm-none-eabi/bin/../lib/gcc/arm-none-eabi/13.3.1/../../../../arm-none-eabi/lib/thumb/v8-m.main+fp/hard/libg_nano.a(libc_a-freer.o)
                              /opt/arm-gnu-toolchain-13.3.rel1-x86_64-arm-none-eabi/bin/../lib/gcc/arm-none-eabi/13.3.1/../../../../arm-none-eabi/lib/thumb/v8-m.main+fp/hard/libg_nano.a(libc_a-fflush.o) (_free_r)
/opt/arm-gnu-toolchain-13.3.rel1-x86_64-arm-none-eabi/bin/../lib/gcc/arm-none-eabi/13.3.1/../../../../arm-none-eabi/lib/thumb/v8-m.main+fp/hard/librdimon_nano.a(arm_librdimon_a-_exit.o)
                              /opt/arm-gnu-toolchain-13.3.rel1-x86_64-arm-none-eabi/bin/../lib/gcc/arm-none-eabi/13.3.1/../../../../arm-none-eabi/lib/thumb/v8-m.main+fp/hard/libg_nano.a(libc_a-exit.o) (_exit)
/opt/arm-gnu-toolchain-13.3.rel1-x86_64-arm-none-eabi/bin/../lib/gcc/arm-none-eabi/13.3.1/../../../../arm-none-eabi/lib/thumb/v8-m.main+fp/hard/librdimon_nano.a(arm_librdimon_a-_kill.o)
                              /opt/arm-gnu-toolchain-13.3.rel1-x86_64-arm-none-eabi/bin/../lib/gcc/arm-none-eabi/13.3.1/../../../../arm-none-eabi/lib/thumb/v8-m.main+fp/hard/librdimon_nano.a(arm_librdimon_a-_exit.o) (_kill_shared)
/opt/arm-gnu-toolchain-13.3.rel1-x86_64-arm-none-eabi/bin/../lib/gcc/arm-none-eabi/13.3.1/../../../../arm-none-eabi/lib/thumb/v8-m.main+fp/hard/librdimon_nano.a(arm_librdimon_a-syscalls.o)
                              /opt/arm-gnu-toolchain-13.3.rel1-x86_64-arm-none-eabi/bin/../lib/gcc/arm-none-eabi/13.3.1/../../../../arm-none-eabi/lib/thumb/v8-m.main+fp/hard/libg_nano.a(libc_a-readr.o) (_read)
/opt/arm-gnu-toolchain-13.3.rel1-x86_64-arm-none-eabi/bin/../lib/gcc/arm-none-eabi/13.3.1/../../../../arm-none-eabi/lib/thumb/v8-m.main+fp/hard/libc_nano.a(libc_a-errno.o)
                              /opt/arm-gnu-toolchain-13.3.rel1-x86_64-arm-none-eabi/bin/../lib/gcc/arm-none-eabi/13.3.1/../../../../arm-none-eabi/lib/thumb/v8-m.main+fp/hard/librdimon_nano.a(arm_librdimon_a-syscalls.o) (__errno)
/opt/arm-gnu-toolchain-13.3.rel1-x86_64-arm-none-eabi/bin/../lib/gcc/arm-none-eabi/13.3.1/../../../../arm-none-eabi/lib/thumb/v8-m.main+fp/hard/libc_nano.a(libc_a-strlen.o)
                              /opt/arm-gnu-toolchain-13.3.rel1-x86_64-arm-none-eabi/bin/../lib/gcc/arm-none-eabi/13.3.1/../../../../arm-none-eabi/lib/thumb/v8-m.main+fp/hard/librdimon_nano.a(arm_librdimon_a-syscalls.o) (strlen)

There are no discarded input sections

Memory Configuration

Name             Origin             Length             Attributes
FLASH            0x00000000         0x000a0000         xr
RAM              0x000a0000         0x00020000         xrw
*default*        0x00000000         0xffffffff

Linker script and memory map

LOAD /opt/arm-gnu-toolchain-13.3.rel1-x86_64-arm-none-eabi/bin/../lib/gcc/arm-none-eabi/13.3.1/thumb/v8-m.main+fp/hard/crti.o
LOAD /opt/arm-gnu-toolchain-13.3.rel1-x86_64-arm-none-eabi/bin/../lib/gcc/arm-none-eabi/13.3.1/thumb/v8-m.main+fp/hard/crtbegin.o
LOAD /opt/arm-gnu-toolchain-13.3.rel1-x86_64-arm-none-eabi/bin/../lib/gcc/arm-none-eabi/13.3.1/../../../../arm-none-eabi/lib/thumb/v8-m.main+fp/hard/rdimon-crt0.o
LOAD CMakeFiles/register_test_2.elf.dir/main.c.obj
LOAD soc/libsoc.a
START GROUP
LOAD /opt/arm-gnu-toolchain-13.3.rel1-x86_64-arm-none-eabi/bin/../lib/gcc/arm-none-eabi/13.3.1/thumb/v8-m.main+fp/hard/libgcc.a
LOAD /opt/arm-gnu-toolchain-13.3.rel1-x86_64-arm-none-eabi/bin/../lib/gcc/arm-none-eabi/13.3.1/../../../../arm-none-eabi/lib/thumb/v8-m.main+fp/hard/libg_nano.a
LOAD /opt/arm-gnu-toolchain-13.3.rel1-x86_64-arm-none-eabi/bin/../lib/gcc/arm-none-eabi/13.3.1/../../../../arm-none-eabi/lib/thumb/v8-m.main+fp/hard/libc_nano.a
END GROUP
START GROUP
LOAD /opt/arm-gnu-toolchain-13.3.rel1-x86_64-arm-none-eabi/bin/../lib/gcc/arm-none-eabi/13.3.1/thumb/v8-m.main+fp/hard/libgcc.a
LOAD /opt/arm-gnu-toolchain-13.3.rel1-x86_64-arm-none-eabi/bin/../lib/gcc/arm-none-eabi/13.3.1/../../../../arm-none-eabi/lib/thumb/v8-m.main+fp/hard/libc_nano.a
LOAD /opt/arm-gnu-toolchain-13.3.rel1-x86_64-arm-none-eabi/bin/../lib/gcc/arm-none-eabi/13.3.1/../../../../arm-none-eabi/lib/thumb/v8-m.main+fp/hard/librdimon_nano.a
END GROUP
START GROUP
LOAD /opt/arm-gnu-toolchain-13.3.rel1-x86_64-arm-none-eabi/bin/../lib/gcc/arm-none-eabi/13.3.1/thumb/v8-m.main+fp/hard/libgcc.a
LOAD /opt/arm-gnu-toolchain-13.3.rel1-x86_64-arm-none-eabi/bin/../lib/gcc/arm-none-eabi/13.3.1/../../../../arm-none-eabi/lib/thumb/v8-m.main+fp/hard/libc_nano.a
LOAD /opt/arm-gnu-toolchain-13.3.rel1-x86_64-arm-none-eabi/bin/../lib/gcc/arm-none-eabi/13.3.1/../../../../arm-none-eabi/lib/thumb/v8-m.main+fp/hard/librdimon_nano.a
END GROUP
LOAD /opt/arm-gnu-toolchain-13.3.rel1-x86_64-arm-none-eabi/bin/../lib/gcc/arm-none-eabi/13.3.1/thumb/v8-m.main+fp/hard/crtend.o
LOAD /opt/arm-gnu-toolchain-13.3.rel1-x86_64-arm-none-eabi/bin/../lib/gcc/arm-none-eabi/13.3.1/thumb/v8-m.main+fp/hard/crtn.o
                0x00000000                        __ROM_BASE = 0x0
                0x000a0000                        __ROM_SIZE = 0xa0000
                0x000a0000                        __RAM_BASE = 0xa0000
                0x00020000                        __RAM_SIZE = 0x20000
                0x00000400                        __STACK_SIZE = 0x400
                0x00000c00                        __HEAP_SIZE = 0xc00
                0x00000000                        __STACKSEAL_SIZE = 0x0

.text           0x00000000     0x1b1c
 *(.vectors)
 .vectors       0x00000000      0x7c0 soc/libsoc.a(startup.c.obj)
                0x00000000                __Vectors
 *(.text*)
 .text          0x000007c0        0x0 /opt/arm-gnu-toolchain-13.3.rel1-x86_64-arm-none-eabi/bin/../lib/gcc/arm-none-eabi/13.3.1/thumb/v8-m.main+fp/hard/crti.o
 .text          0x000007c0        0x0 /opt/arm-gnu-toolchain-13.3.rel1-x86_64-arm-none-eabi/bin/../lib/gcc/arm-none-eabi/13.3.1/thumb/v8-m.main+fp/hard/crtbegin.o
 .text.deregister_tm_clones
                0x000007c0       0x1c /opt/arm-gnu-toolchain-13.3.rel1-x86_64-arm-none-eabi/bin/../lib/gcc/arm-none-eabi/13.3.1/thumb/v8-m.main+fp/hard/crtbegin.o
 .text.register_tm_clones
                0x000007dc       0x28 /opt/arm-gnu-toolchain-13.3.rel1-x86_64-arm-none-eabi/bin/../lib/gcc/arm-none-eabi/13.3.1/thumb/v8-m.main+fp/hard/crtbegin.o
 .text.__do_global_dtors_aux
                0x00000804       0x28 /opt/arm-gnu-toolchain-13.3.rel1-x86_64-arm-none-eabi/bin/../lib/gcc/arm-none-eabi/13.3.1/thumb/v8-m.main+fp/hard/crtbegin.o
 .text.frame_dummy
                0x0000082c       0x24 /opt/arm-gnu-toolchain-13.3.rel1-x86_64-arm-none-eabi/bin/../lib/gcc/arm-none-eabi/13.3.1/thumb/v8-m.main+fp/hard/crtbegin.o
 .text          0x00000850       0xf8 /opt/arm-gnu-toolchain-13.3.rel1-x86_64-arm-none-eabi/bin/../lib/gcc/arm-none-eabi/13.3.1/../../../../arm-none-eabi/lib/thumb/v8-m.main+fp/hard/rdimon-crt0.o
                0x00000850                _stack_init
                0x0000085c                _mainCRTStartup
                0x0000085c                _start
 .text          0x00000948       0x54 CMakeFiles/register_test_2.elf.dir/main.c.obj
                0x00000948                main
                0x00000980                write_32
 .text          0x0000099c       0xd0 soc/libsoc.a(startup.c.obj)
                0x0000099c                Reset_Handler
                0x00000a60                HardFault_Handler
                0x00000a66                DebugMon_Handler
                0x00000a66                SysTick_Handler
                0x00000a66                PendSV_Handler
                0x00000a66                NMI_Handler
                0x00000a66                Interrupt3_Handler
                0x00000a66                Interrupt8_Handler
                0x00000a66                Interrupt5_Handler
                0x00000a66                UsageFault_Handler
                0x00000a66                Interrupt7_Handler
                0x00000a66                Interrupt2_Handler
                0x00000a66                Interrupt0_Handler
                0x00000a66                Interrupt4_Handler
                0x00000a66                SecureFault_Handler
                0x00000a66                Default_Handler
                0x00000a66                Interrupt9_Handler
                0x00000a66                Interrupt6_Handler
                0x00000a66                MemManage_Handler
                0x00000a66                SVC_Handler
                0x00000a66                Interrupt1_Handler
                0x00000a66                BusFault_Handler
 .text          0x00000a6c       0x58 soc/libsoc.a(system.c.obj)
                0x00000a6c                SystemCoreClockUpdate
                0x00000a88                SystemInit
 .text          0x00000ac4        0x0 /opt/arm-gnu-toolchain-13.3.rel1-x86_64-arm-none-eabi/bin/../lib/gcc/arm-none-eabi/13.3.1/../../../../arm-none-eabi/lib/thumb/v8-m.main+fp/hard/libg_nano.a(libc_a-exit.o)
 .text.exit     0x00000ac4       0x24 /opt/arm-gnu-toolchain-13.3.rel1-x86_64-arm-none-eabi/bin/../lib/gcc/arm-none-eabi/13.3.1/../../../../arm-none-eabi/lib/thumb/v8-m.main+fp/hard/libg_nano.a(libc_a-exit.o)
                0x00000ac4                exit
 .text          0x00000ae8        0x0 /opt/arm-gnu-toolchain-13.3.rel1-x86_64-arm-none-eabi/bin/../lib/gcc/arm-none-eabi/13.3.1/../../../../arm-none-eabi/lib/thumb/v8-m.main+fp/hard/libg_nano.a(libc_a-init.o)
 .text.__libc_init_array
                0x00000ae8       0x48 /opt/arm-gnu-toolchain-13.3.rel1-x86_64-arm-none-eabi/bin/../lib/gcc/arm-none-eabi/13.3.1/../../../../arm-none-eabi/lib/thumb/v8-m.main+fp/hard/libg_nano.a(libc_a-init.o)
                0x00000ae8                __libc_init_array
 .text          0x00000b30        0x0 /opt/arm-gnu-toolchain-13.3.rel1-x86_64-arm-none-eabi/bin/../lib/gcc/arm-none-eabi/13.3.1/../../../../arm-none-eabi/lib/thumb/v8-m.main+fp/hard/libg_nano.a(libc_a-memset.o)
 .text.memset   0x00000b30       0x10 /opt/arm-gnu-toolchain-13.3.rel1-x86_64-arm-none-eabi/bin/../lib/gcc/arm-none-eabi/13.3.1/../../../../arm-none-eabi/lib/thumb/v8-m.main+fp/hard/libg_nano.a(libc_a-memset.o)
                0x00000b30                memset
 .text          0x00000b40        0x0 /opt/arm-gnu-toolchain-13.3.rel1-x86_64-arm-none-eabi/bin/../lib/gcc/arm-none-eabi/13.3.1/../../../../arm-none-eabi/lib/thumb/v8-m.main+fp/hard/libg_nano.a(libc_a-findfp.o)
 .text.std      0x00000b40       0x6c /opt/arm-gnu-toolchain-13.3.rel1-x86_64-arm-none-eabi/bin/../lib/gcc/arm-none-eabi/13.3.1/../../../../arm-none-eabi/lib/thumb/v8-m.main+fp/hard/libg_nano.a(libc_a-findfp.o)
 .text.stdio_exit_handler
                0x00000bac       0x18 /opt/arm-gnu-toolchain-13.3.rel1-x86_64-arm-none-eabi/bin/../lib/gcc/arm-none-eabi/13.3.1/../../../../arm-none-eabi/lib/thumb/v8-m.main+fp/hard/libg_nano.a(libc_a-findfp.o)
 .text.cleanup_stdio
                0x00000bc4       0x40 /opt/arm-gnu-toolchain-13.3.rel1-x86_64-arm-none-eabi/bin/../lib/gcc/arm-none-eabi/13.3.1/../../../../arm-none-eabi/lib/thumb/v8-m.main+fp/hard/libg_nano.a(libc_a-findfp.o)
 .text.__fp_lock
                0x00000c04       0x18 /opt/arm-gnu-toolchain-13.3.rel1-x86_64-arm-none-eabi/bin/../lib/gcc/arm-none-eabi/13.3.1/../../../../arm-none-eabi/lib/thumb/v8-m.main+fp/hard/libg_nano.a(libc_a-findfp.o)
 .text.__fp_unlock
                0x00000c1c       0x18 /opt/arm-gnu-toolchain-13.3.rel1-x86_64-arm-none-eabi/bin/../lib/gcc/arm-none-eabi/13.3.1/../../../../arm-none-eabi/lib/thumb/v8-m.main+fp/hard/libg_nano.a(libc_a-findfp.o)
 .text.global_stdio_init.part.0
                0x00000c34       0x3c /opt/arm-gnu-toolchain-13.3.rel1-x86_64-arm-none-eabi/bin/../lib/gcc/arm-none-eabi/13.3.1/../../../../arm-none-eabi/lib/thumb/v8-m.main+fp/hard/libg_nano.a(libc_a-findfp.o)
 .text.__sfp_lock_acquire
                0x00000c70        0xc /opt/arm-gnu-toolchain-13.3.rel1-x86_64-arm-none-eabi/bin/../lib/gcc/arm-none-eabi/13.3.1/../../../../arm-none-eabi/lib/thumb/v8-m.main+fp/hard/libg_nano.a(libc_a-findfp.o)
                0x00000c70                __sfp_lock_acquire
 .text.__sfp_lock_release
                0x00000c7c        0xc /opt/arm-gnu-toolchain-13.3.rel1-x86_64-arm-none-eabi/bin/../lib/gcc/arm-none-eabi/13.3.1/../../../../arm-none-eabi/lib/thumb/v8-m.main+fp/hard/libg_nano.a(libc_a-findfp.o)
                0x00000c7c                __sfp_lock_release
 .text.__sfp    0x00000c88       0xa4 /opt/arm-gnu-toolchain-13.3.rel1-x86_64-arm-none-eabi/bin/../lib/gcc/arm-none-eabi/13.3.1/../../../../arm-none-eabi/lib/thumb/v8-m.main+fp/hard/libg_nano.a(libc_a-findfp.o)
                0x00000c88                __sfp
 .text.__sinit  0x00000d2c       0x30 /opt/arm-gnu-toolchain-13.3.rel1-x86_64-arm-none-eabi/bin/../lib/gcc/arm-none-eabi/13.3.1/../../../../arm-none-eabi/lib/thumb/v8-m.main+fp/hard/libg_nano.a(libc_a-findfp.o)
                0x00000d2c                __sinit
 .text.__fp_lock_all
                0x00000d5c       0x1c /opt/arm-gnu-toolchain-13.3.rel1-x86_64-arm-none-eabi/bin/../lib/gcc/arm-none-eabi/13.3.1/../../../../arm-none-eabi/lib/thumb/v8-m.main+fp/hard/libg_nano.a(libc_a-findfp.o)
                0x00000d5c                __fp_lock_all
 .text.__fp_unlock_all
                0x00000d78       0x1c /opt/arm-gnu-toolchain-13.3.rel1-x86_64-arm-none-eabi/bin/../lib/gcc/arm-none-eabi/13.3.1/../../../../arm-none-eabi/lib/thumb/v8-m.main+fp/hard/libg_nano.a(libc_a-findfp.o)
                0x00000d78                __fp_unlock_all
 .text          0x00000d94        0x0 /opt/arm-gnu-toolchain-13.3.rel1-x86_64-arm-none-eabi/bin/../lib/gcc/arm-none-eabi/13.3.1/../../../../arm-none-eabi/lib/thumb/v8-m.main+fp/hard/libg_nano.a(libc_a-stdio.o)
 .text.__sread  0x00000d94       0x22 /opt/arm-gnu-toolchain-13.3.rel1-x86_64-arm-none-eabi/bin/../lib/gcc/arm-none-eabi/13.3.1/../../../../arm-none-eabi/lib/thumb/v8-m.main+fp/hard/libg_nano.a(libc_a-stdio.o)
                0x00000d94                __sread
 .text.__seofread
                0x00000db6        0x4 /opt/arm-gnu-toolchain-13.3.rel1-x86_64-arm-none-eabi/bin/../lib/gcc/arm-none-eabi/13.3.1/../../../../arm-none-eabi/lib/thumb/v8-m.main+fp/hard/libg_nano.a(libc_a-stdio.o)
                0x00000db6                __seofread
 .text.__swrite
                0x00000dba       0x38 /opt/arm-gnu-toolchain-13.3.rel1-x86_64-arm-none-eabi/bin/../lib/gcc/arm-none-eabi/13.3.1/../../../../arm-none-eabi/lib/thumb/v8-m.main+fp/hard/libg_nano.a(libc_a-stdio.o)
                0x00000dba                __swrite
 .text.__sseek  0x00000df2       0x24 /opt/arm-gnu-toolchain-13.3.rel1-x86_64-arm-none-eabi/bin/../lib/gcc/arm-none-eabi/13.3.1/../../../../arm-none-eabi/lib/thumb/v8-m.main+fp/hard/libg_nano.a(libc_a-stdio.o)
                0x00000df2                __sseek
 .text.__sclose
                0x00000e16        0x8 /opt/arm-gnu-toolchain-13.3.rel1-x86_64-arm-none-eabi/bin/../lib/gcc/arm-none-eabi/13.3.1/../../../../arm-none-eabi/lib/thumb/v8-m.main+fp/hard/libg_nano.a(libc_a-stdio.o)
                0x00000e16                __sclose
 .text          0x00000e1e        0x0 /opt/arm-gnu-toolchain-13.3.rel1-x86_64-arm-none-eabi/bin/../lib/gcc/arm-none-eabi/13.3.1/../../../../arm-none-eabi/lib/thumb/v8-m.main+fp/hard/libg_nano.a(libc_a-lseekr.o)
 *fill*         0x00000e1e        0x2 
 .text._lseek_r
                0x00000e20       0x24 /opt/arm-gnu-toolchain-13.3.rel1-x86_64-arm-none-eabi/bin/../lib/gcc/arm-none-eabi/13.3.1/../../../../arm-none-eabi/lib/thumb/v8-m.main+fp/hard/libg_nano.a(libc_a-lseekr.o)
                0x00000e20                _lseek_r
 .text          0x00000e44        0x0 /opt/arm-gnu-toolchain-13.3.rel1-x86_64-arm-none-eabi/bin/../lib/gcc/arm-none-eabi/13.3.1/../../../../arm-none-eabi/lib/thumb/v8-m.main+fp/hard/libg_nano.a(libc_a-readr.o)
 .text._read_r  0x00000e44       0x24 /opt/arm-gnu-toolchain-13.3.rel1-x86_64-arm-none-eabi/bin/../lib/gcc/arm-none-eabi/13.3.1/../../../../arm-none-eabi/lib/thumb/v8-m.main+fp/hard/libg_nano.a(libc_a-readr.o)
                0x00000e44                _read_r
 .text          0x00000e68        0x0 /opt/arm-gnu-toolchain-13.3.rel1-x86_64-arm-none-eabi/bin/../lib/gcc/arm-none-eabi/13.3.1/../../../../arm-none-eabi/lib/thumb/v8-m.main+fp/hard/libg_nano.a(libc_a-fwalk.o)
 .text._fwalk_sglue
                0x00000e68       0x3c /opt/arm-gnu-toolchain-13.3.rel1-x86_64-arm-none-eabi/bin/../lib/gcc/arm-none-eabi/13.3.1/../../../../arm-none-eabi/lib/thumb/v8-m.main+fp/hard/libg_nano.a(libc_a-fwalk.o)
                0x00000e68                _fwalk_sglue
 .text          0x00000ea4        0x0 /opt/arm-gnu-toolchain-13.3.rel1-x86_64-arm-none-eabi/bin/../lib/gcc/arm-none-eabi/13.3.1/../../../../arm-none-eabi/lib/thumb/v8-m.main+fp/hard/libg_nano.a(libc_a-writer.o)
 .text._write_r
                0x00000ea4       0x24 /opt/arm-gnu-toolchain-13.3.rel1-x86_64-arm-none-eabi/bin/../lib/gcc/arm-none-eabi/13.3.1/../../../../arm-none-eabi/lib/thumb/v8-m.main+fp/hard/libg_nano.a(libc_a-writer.o)
                0x00000ea4                _write_r
 .text          0x00000ec8        0x0 /opt/arm-gnu-toolchain-13.3.rel1-x86_64-arm-none-eabi/bin/../lib/gcc/arm-none-eabi/13.3.1/../../../../arm-none-eabi/lib/thumb/v8-m.main+fp/hard/libg_nano.a(libc_a-lock.o)
 .text.__retarget_lock_init
                0x00000ec8        0x2 /opt/arm-gnu-toolchain-13.3.rel1-x86_64-arm-none-eabi/bin/../lib/gcc/arm-none-eabi/13.3.1/../../../../arm-none-eabi/lib/thumb/v8-m.main+fp/hard/libg_nano.a(libc_a-lock.o)
                0x00000ec8                __retarget_lock_init
 .text.__retarget_lock_init_recursive
                0x00000eca        0x2 /opt/arm-gnu-toolchain-13.3.rel1-x86_64-arm-none-eabi/bin/../lib/gcc/arm-none-eabi/13.3.1/../../../../arm-none-eabi/lib/thumb/v8-m.main+fp/hard/libg_nano.a(libc_a-lock.o)
                0x00000eca                __retarget_lock_init_recursive
 .text.__retarget_lock_close
                0x00000ecc        0x2 /opt/arm-gnu-toolchain-13.3.rel1-x86_64-arm-none-eabi/bin/../lib/gcc/arm-none-eabi/13.3.1/../../../../arm-none-eabi/lib/thumb/v8-m.main+fp/hard/libg_nano.a(libc_a-lock.o)
                0x00000ecc                __retarget_lock_close
 .text.__retarget_lock_close_recursive
                0x00000ece        0x2 /opt/arm-gnu-toolchain-13.3.rel1-x86_64-arm-none-eabi/bin/../lib/gcc/arm-none-eabi/13.3.1/../../../../arm-none-eabi/lib/thumb/v8-m.main+fp/hard/libg_nano.a(libc_a-lock.o)
                0x00000ece                __retarget_lock_close_recursive
 .text.__retarget_lock_acquire
                0x00000ed0        0x2 /opt/arm-gnu-toolchain-13.3.rel1-x86_64-arm-none-eabi/bin/../lib/gcc/arm-none-eabi/13.3.1/../../../../arm-none-eabi/lib/thumb/v8-m.main+fp/hard/libg_nano.a(libc_a-lock.o)
                0x00000ed0                __retarget_lock_acquire
 .text.__retarget_lock_acquire_recursive
                0x00000ed2        0x2 /opt/arm-gnu-toolchain-13.3.rel1-x86_64-arm-none-eabi/bin/../lib/gcc/arm-none-eabi/13.3.1/../../../../arm-none-eabi/lib/thumb/v8-m.main+fp/hard/libg_nano.a(libc_a-lock.o)
                0x00000ed2                __retarget_lock_acquire_recursive
 .text.__retarget_lock_try_acquire
                0x00000ed4        0x4 /opt/arm-gnu-toolchain-13.3.rel1-x86_64-arm-none-eabi/bin/../lib/gcc/arm-none-eabi/13.3.1/../../../../arm-none-eabi/lib/thumb/v8-m.main+fp/hard/libg_nano.a(libc_a-lock.o)
                0x00000ed4                __retarget_lock_try_acquire
 .text.__retarget_lock_try_acquire_recursive
                0x00000ed8        0x4 /opt/arm-gnu-toolchain-13.3.rel1-x86_64-arm-none-eabi/bin/../lib/gcc/arm-none-eabi/13.3.1/../../../../arm-none-eabi/lib/thumb/v8-m.main+fp/hard/libg_nano.a(libc_a-lock.o)
                0x00000ed8                __retarget_lock_try_acquire_recursive
 .text.__retarget_lock_release
                0x00000edc        0x2 /opt/arm-gnu-toolchain-13.3.rel1-x86_64-arm-none-eabi/bin/../lib/gcc/arm-none-eabi/13.3.1/../../../../arm-none-eabi/lib/thumb/v8-m.main+fp/hard/libg_nano.a(libc_a-lock.o)
                0x00000edc                __retarget_lock_release
 .text.__retarget_lock_release_recursive
                0x00000ede        0x2 /opt/arm-gnu-toolchain-13.3.rel1-x86_64-arm-none-eabi/bin/../lib/gcc/arm-none-eabi/13.3.1/../../../../arm-none-eabi/lib/thumb/v8-m.main+fp/hard/libg_nano.a(libc_a-lock.o)
                0x00000ede                __retarget_lock_release_recursive
 .text          0x00000ee0        0x0 /opt/arm-gnu-toolchain-13.3.rel1-x86_64-arm-none-eabi/bin/../lib/gcc/arm-none-eabi/13.3.1/../../../../arm-none-eabi/lib/thumb/v8-m.main+fp/hard/libg_nano.a(libc_a-fflush.o)
 .text.__sflush_r
                0x00000ee0      0x108 /opt/arm-gnu-toolchain-13.3.rel1-x86_64-arm-none-eabi/bin/../lib/gcc/arm-none-eabi/13.3.1/../../../../arm-none-eabi/lib/thumb/v8-m.main+fp/hard/libg_nano.a(libc_a-fflush.o)
                0x00000ee0                __sflush_r
 .text._fflush_r
                0x00000fe8       0x50 /opt/arm-gnu-toolchain-13.3.rel1-x86_64-arm-none-eabi/bin/../lib/gcc/arm-none-eabi/13.3.1/../../../../arm-none-eabi/lib/thumb/v8-m.main+fp/hard/libg_nano.a(libc_a-fflush.o)
                0x00000fe8                _fflush_r
 .text.fflush   0x00001038       0x28 /opt/arm-gnu-toolchain-13.3.rel1-x86_64-arm-none-eabi/bin/../lib/gcc/arm-none-eabi/13.3.1/../../../../arm-none-eabi/lib/thumb/v8-m.main+fp/hard/libg_nano.a(libc_a-fflush.o)
                0x00001038                fflush
 .text          0x00001060        0x0 /opt/arm-gnu-toolchain-13.3.rel1-x86_64-arm-none-eabi/bin/../lib/gcc/arm-none-eabi/13.3.1/../../../../arm-none-eabi/lib/thumb/v8-m.main+fp/hard/libg_nano.a(libc_a-mallocr.o)
 .text.sbrk_aligned
                0x00001060       0x44 /opt/arm-gnu-toolchain-13.3.rel1-x86_64-arm-none-eabi/bin/../lib/gcc/arm-none-eabi/13.3.1/../../../../arm-none-eabi/lib/thumb/v8-m.main+fp/hard/libg_nano.a(libc_a-mallocr.o)
 .text._malloc_r
                0x000010a4      0x100 /opt/arm-gnu-toolchain-13.3.rel1-x86_64-arm-none-eabi/bin/../lib/gcc/arm-none-eabi/13.3.1/../../../../arm-none-eabi/lib/thumb/v8-m.main+fp/hard/libg_nano.a(libc_a-mallocr.o)
                0x000010a4                _malloc_r
 .text          0x000011a4        0x0 /opt/arm-gnu-toolchain-13.3.rel1-x86_64-arm-none-eabi/bin/../lib/gcc/arm-none-eabi/13.3.1/../../../../arm-none-eabi/lib/thumb/v8-m.main+fp/hard/libg_nano.a(libc_a-closer.o)
 .text._close_r
                0x000011a4       0x20 /opt/arm-gnu-toolchain-13.3.rel1-x86_64-arm-none-eabi/bin/../lib/gcc/arm-none-eabi/13.3.1/../../../../arm-none-eabi/lib/thumb/v8-m.main+fp/hard/libg_nano.a(libc_a-closer.o)
                0x000011a4                _close_r
 .text          0x000011c4        0x0 /opt/arm-gnu-toolchain-13.3.rel1-x86_64-arm-none-eabi/bin/../lib/gcc/arm-none-eabi/13.3.1/../../../../arm-none-eabi/lib/thumb/v8-m.main+fp/hard/libg_nano.a(libc_a-reent.o)
 .text._reclaim_reent
                0x000011c4       0xbc /opt/arm-gnu-toolchain-13.3.rel1-x86_64-arm-none-eabi/bin/../lib/gcc/arm-none-eabi/13.3.1/../../../../arm-none-eabi/lib/thumb/v8-m.main+fp/hard/libg_nano.a(libc_a-reent.o)
                0x000011c4                _reclaim_reent
 .text          0x00001280        0x0 /opt/arm-gnu-toolchain-13.3.rel1-x86_64-arm-none-eabi/bin/../lib/gcc/arm-none-eabi/13.3.1/../../../../arm-none-eabi/lib/thumb/v8-m.main+fp/hard/libg_nano.a(libc_a-impure.o)
 .text          0x00001280        0x0 /opt/arm-gnu-toolchain-13.3.rel1-x86_64-arm-none-eabi/bin/../lib/gcc/arm-none-eabi/13.3.1/../../../../arm-none-eabi/lib/thumb/v8-m.main+fp/hard/libg_nano.a(libc_a-mlock.o)
 .text.__malloc_lock
                0x00001280        0xc /opt/arm-gnu-toolchain-13.3.rel1-x86_64-arm-none-eabi/bin/../lib/gcc/arm-none-eabi/13.3.1/../../../../arm-none-eabi/lib/thumb/v8-m.main+fp/hard/libg_nano.a(libc_a-mlock.o)
                0x00001280                __malloc_lock
 .text.__malloc_unlock
                0x0000128c        0xc /opt/arm-gnu-toolchain-13.3.rel1-x86_64-arm-none-eabi/bin/../lib/gcc/arm-none-eabi/13.3.1/../../../../arm-none-eabi/lib/thumb/v8-m.main+fp/hard/libg_nano.a(libc_a-mlock.o)
                0x0000128c                __malloc_unlock
 .text          0x00001298        0x0 /opt/arm-gnu-toolchain-13.3.rel1-x86_64-arm-none-eabi/bin/../lib/gcc/arm-none-eabi/13.3.1/../../../../arm-none-eabi/lib/thumb/v8-m.main+fp/hard/libg_nano.a(libc_a-sbrkr.o)
 .text._sbrk_r  0x00001298       0x20 /opt/arm-gnu-toolchain-13.3.rel1-x86_64-arm-none-eabi/bin/../lib/gcc/arm-none-eabi/13.3.1/../../../../arm-none-eabi/lib/thumb/v8-m.main+fp/hard/libg_nano.a(libc_a-sbrkr.o)
                0x00001298                _sbrk_r
 .text          0x000012b8        0x0 /opt/arm-gnu-toolchain-13.3.rel1-x86_64-arm-none-eabi/bin/../lib/gcc/arm-none-eabi/13.3.1/../../../../arm-none-eabi/lib/thumb/v8-m.main+fp/hard/libg_nano.a(libc_a-freer.o)
 .text._free_r  0x000012b8       0x94 /opt/arm-gnu-toolchain-13.3.rel1-x86_64-arm-none-eabi/bin/../lib/gcc/arm-none-eabi/13.3.1/../../../../arm-none-eabi/lib/thumb/v8-m.main+fp/hard/libg_nano.a(libc_a-freer.o)
                0x000012b8                _free_r
 .text          0x0000134c        0x0 /opt/arm-gnu-toolchain-13.3.rel1-x86_64-arm-none-eabi/bin/../lib/gcc/arm-none-eabi/13.3.1/../../../../arm-none-eabi/lib/thumb/v8-m.main+fp/hard/librdimon_nano.a(arm_librdimon_a-_exit.o)
 .text._exit    0x0000134c       0x14 /opt/arm-gnu-toolchain-13.3.rel1-x86_64-arm-none-eabi/bin/../lib/gcc/arm-none-eabi/13.3.1/../../../../arm-none-eabi/lib/thumb/v8-m.main+fp/hard/librdimon_nano.a(arm_librdimon_a-_exit.o)
                0x0000134c                _exit
 .text          0x00001360        0x0 /opt/arm-gnu-toolchain-13.3.rel1-x86_64-arm-none-eabi/bin/../lib/gcc/arm-none-eabi/13.3.1/../../../../arm-none-eabi/lib/thumb/v8-m.main+fp/hard/librdimon_nano.a(arm_librdimon_a-_kill.o)
 .text._kill_shared
                0x00001360       0x26 /opt/arm-gnu-toolchain-13.3.rel1-x86_64-arm-none-eabi/bin/../lib/gcc/arm-none-eabi/13.3.1/../../../../arm-none-eabi/lib/thumb/v8-m.main+fp/hard/librdimon_nano.a(arm_librdimon_a-_kill.o)
                0x00001360                _kill_shared
 *fill*         0x00001386        0x2 
 .text._kill    0x00001388       0x18 /opt/arm-gnu-toolchain-13.3.rel1-x86_64-arm-none-eabi/bin/../lib/gcc/arm-none-eabi/13.3.1/../../../../arm-none-eabi/lib/thumb/v8-m.main+fp/hard/librdimon_nano.a(arm_librdimon_a-_kill.o)
                0x00001388                _kill
 .text          0x000013a0        0x0 /opt/arm-gnu-toolchain-13.3.rel1-x86_64-arm-none-eabi/bin/../lib/gcc/arm-none-eabi/13.3.1/../../../../arm-none-eabi/lib/thumb/v8-m.main+fp/hard/librdimon_nano.a(arm_librdimon_a-syscalls.o)
 .text.findslot
                0x000013a0       0x34 /opt/arm-gnu-toolchain-13.3.rel1-x86_64-arm-none-eabi/bin/../lib/gcc/arm-none-eabi/13.3.1/../../../../arm-none-eabi/lib/thumb/v8-m.main+fp/hard/librdimon_nano.a(arm_librdimon_a-syscalls.o)
 .text.error    0x000013d4       0x1c /opt/arm-gnu-toolchain-13.3.rel1-x86_64-arm-none-eabi/bin/../lib/gcc/arm-none-eabi/13.3.1/../../../../arm-none-eabi/lib/thumb/v8-m.main+fp/hard/librdimon_nano.a(arm_librdimon_a-syscalls.o)
 .text.checkerror
                0x000013f0        0xa /opt/arm-gnu-toolchain-13.3.rel1-x86_64-arm-none-eabi/bin/../lib/gcc/arm-none-eabi/13.3.1/../../../../arm-none-eabi/lib/thumb/v8-m.main+fp/hard/librdimon_nano.a(arm_librdimon_a-syscalls.o)
 .text._swiread
                0x000013fa       0x20 /opt/arm-gnu-toolchain-13.3.rel1-x86_64-arm-none-eabi/bin/../lib/gcc/arm-none-eabi/13.3.1/../../../../arm-none-eabi/lib/thumb/v8-m.main+fp/hard/librdimon_nano.a(arm_librdimon_a-syscalls.o)
                0x000013fa                _swiread
 .text._read    0x0000141a       0x34 /opt/arm-gnu-toolchain-13.3.rel1-x86_64-arm-none-eabi/bin/../lib/gcc/arm-none-eabi/13.3.1/../../../../arm-none-eabi/lib/thumb/v8-m.main+fp/hard/librdimon_nano.a(arm_librdimon_a-syscalls.o)
                0x0000141a                _read
 .text._swilseek
                0x0000144e       0x78 /opt/arm-gnu-toolchain-13.3.rel1-x86_64-arm-none-eabi/bin/../lib/gcc/arm-none-eabi/13.3.1/../../../../arm-none-eabi/lib/thumb/v8-m.main+fp/hard/librdimon_nano.a(arm_librdimon_a-syscalls.o)
                0x0000144e                _swilseek
 .text._lseek   0x000014c6        0x4 /opt/arm-gnu-toolchain-13.3.rel1-x86_64-arm-none-eabi/bin/../lib/gcc/arm-none-eabi/13.3.1/../../../../arm-none-eabi/lib/thumb/v8-m.main+fp/hard/librdimon_nano.a(arm_librdimon_a-syscalls.o)
                0x000014c6                _lseek
 .text._swiwrite
                0x000014ca       0x20 /opt/arm-gnu-toolchain-13.3.rel1-x86_64-arm-none-eabi/bin/../lib/gcc/arm-none-eabi/13.3.1/../../../../arm-none-eabi/lib/thumb/v8-m.main+fp/hard/librdimon_nano.a(arm_librdimon_a-syscalls.o)
                0x000014ca                _swiwrite
 .text._write   0x000014ea       0x40 /opt/arm-gnu-toolchain-13.3.rel1-x86_64-arm-none-eabi/bin/../lib/gcc/arm-none-eabi/13.3.1/../../../../arm-none-eabi/lib/thumb/v8-m.main+fp/hard/librdimon_nano.a(arm_librdimon_a-syscalls.o)
                0x000014ea                _write
 .text._swiclose
                0x0000152a       0x1a /opt/arm-gnu-toolchain-13.3.rel1-x86_64-arm-none-eabi/bin/../lib/gcc/arm-none-eabi/13.3.1/../../../../arm-none-eabi/lib/thumb/v8-m.main+fp/hard/librdimon_nano.a(arm_librdimon_a-syscalls.o)
                0x0000152a                _swiclose
 .text._close   0x00001544       0x4c /opt/arm-gnu-toolchain-13.3.rel1-x86_64-arm-none-eabi/bin/../lib/gcc/arm-none-eabi/13.3.1/../../../../arm-none-eabi/lib/thumb/v8-m.main+fp/hard/librdimon_nano.a(arm_librdimon_a-syscalls.o)
                0x00001544                _close
 .text._getpid  0x00001590        0x4 /opt/arm-gnu-toolchain-13.3.rel1-x86_64-arm-none-eabi/bin/../lib/gcc/arm-none-eabi/13.3.1/../../../../arm-none-eabi/lib/thumb/v8-m.main+fp/hard/librdimon_nano.a(arm_librdimon_a-syscalls.o)
                0x00001590                _getpid
 .text._sbrk    0x00001594       0x48 /opt/arm-gnu-toolchain-13.3.rel1-x86_64-arm-none-eabi/bin/../lib/gcc/arm-none-eabi/13.3.1/../../../../arm-none-eabi/lib/thumb/v8-m.main+fp/hard/librdimon_nano.a(arm_librdimon_a-syscalls.o)
                0x00001594                _sbrk
 .text._swistat
                0x000015dc       0x42 /opt/arm-gnu-toolchain-13.3.rel1-x86_64-arm-none-eabi/bin/../lib/gcc/arm-none-eabi/13.3.1/../../../../arm-none-eabi/lib/thumb/v8-m.main+fp/hard/librdimon_nano.a(arm_librdimon_a-syscalls.o)
                0x000015dc                _swistat
 .text._fstat   0x0000161e       0x1c /opt/arm-gnu-toolchain-13.3.rel1-x86_64-arm-none-eabi/bin/../lib/gcc/arm-none-eabi/13.3.1/../../../../arm-none-eabi/lib/thumb/v8-m.main+fp/hard/librdimon_nano.a(arm_librdimon_a-syscalls.o)
                0x0000161e                _fstat
 .text._stat    0x0000163a       0x3a /opt/arm-gnu-toolchain-13.3.rel1-x86_64-arm-none-eabi/bin/../lib/gcc/arm-none-eabi/13.3.1/../../../../arm-none-eabi/lib/thumb/v8-m.main+fp/hard/librdimon_nano.a(arm_librdimon_a-syscalls.o)
                0x0000163a                _stat
 .text._swiopen
                0x00001674       0xb0 /opt/arm-gnu-toolchain-13.3.rel1-x86_64-arm-none-eabi/bin/../lib/gcc/arm-none-eabi/13.3.1/../../../../arm-none-eabi/lib/thumb/v8-m.main+fp/hard/librdimon_nano.a(arm_librdimon_a-syscalls.o)
                0x00001674                _swiopen
 .text._open    0x00001724       0x12 /opt/arm-gnu-toolchain-13.3.rel1-x86_64-arm-none-eabi/bin/../lib/gcc/arm-none-eabi/13.3.1/../../../../arm-none-eabi/lib/thumb/v8-m.main+fp/hard/librdimon_nano.a(arm_librdimon_a-syscalls.o)
                0x00001724                _open
 *fill*         0x00001736        0x2 
 .text._get_semihosting_exts
                0x00001738       0xb4 /opt/arm-gnu-toolchain-13.3.rel1-x86_64-arm-none-eabi/bin/../lib/gcc/arm-none-eabi/13.3.1/../../../../arm-none-eabi/lib/thumb/v8-m.main+fp/hard/librdimon_nano.a(arm_librdimon_a-syscalls.o)
                0x00001738                _get_semihosting_exts
 .text.initialise_semihosting_exts
                0x000017ec       0x34 /opt/arm-gnu-toolchain-13.3.rel1-x86_64-arm-none-eabi/bin/../lib/gcc/arm-none-eabi/13.3.1/../../../../arm-none-eabi/lib/thumb/v8-m.main+fp/hard/librdimon_nano.a(arm_librdimon_a-syscalls.o)
 .text._has_ext_exit_extended
                0x00001820       0x18 /opt/arm-gnu-toolchain-13.3.rel1-x86_64-arm-none-eabi/bin/../lib/gcc/arm-none-eabi/13.3.1/../../../../arm-none-eabi/lib/thumb/v8-m.main+fp/hard/librdimon_nano.a(arm_librdimon_a-syscalls.o)
                0x00001820                _has_ext_exit_extended
 .text._has_ext_stdout_stderr
                0x00001838       0x18 /opt/arm-gnu-toolchain-13.3.rel1-x86_64-arm-none-eabi/bin/../lib/gcc/arm-none-eabi/13.3.1/../../../../arm-none-eabi/lib/thumb/v8-m.main+fp/hard/librdimon_nano.a(arm_librdimon_a-syscalls.o)
                0x00001838                _has_ext_stdout_stderr
 .text.initialise_monitor_handles
                0x00001850       0xc0 /opt/arm-gnu-toolchain-13.3.rel1-x86_64-arm-none-eabi/bin/../lib/gcc/arm-none-eabi/13.3.1/../../../../arm-none-eabi/lib/thumb/v8-m.main+fp/hard/librdimon_nano.a(arm_librdimon_a-syscalls.o)
                0x00001850                initialise_monitor_handles
 .text._link    0x00001910       0x10 /opt/arm-gnu-toolchain-13.3.rel1-x86_64-arm-none-eabi/bin/../lib/gcc/arm-none-eabi/13.3.1/../../../../arm-none-eabi/lib/thumb/v8-m.main+fp/hard/librdimon_nano.a(arm_librdimon_a-syscalls.o)
                0x00001910                _link
 .text._unlink  0x00001920       0x28 /opt/arm-gnu-toolchain-13.3.rel1-x86_64-arm-none-eabi/bin/../lib/gcc/arm-none-eabi/13.3.1/../../../../arm-none-eabi/lib/thumb/v8-m.main+fp/hard/librdimon_nano.a(arm_librdimon_a-syscalls.o)
                0x00001920                _unlink
 .text._gettimeofday
                0x00001948       0x28 /opt/arm-gnu-toolchain-13.3.rel1-x86_64-arm-none-eabi/bin/../lib/gcc/arm-none-eabi/13.3.1/../../../../arm-none-eabi/lib/thumb/v8-m.main+fp/hard/librdimon_nano.a(arm_librdimon_a-syscalls.o)
                0x00001948                _gettimeofday
 .text._clock   0x00001970       0x12 /opt/arm-gnu-toolchain-13.3.rel1-x86_64-arm-none-eabi/bin/../lib/gcc/arm-none-eabi/13.3.1/../../../../arm-none-eabi/lib/thumb/v8-m.main+fp/hard/librdimon_nano.a(arm_librdimon_a-syscalls.o)
                0x00001970                _clock
 .text._times   0x00001982       0x16 /opt/arm-gnu-toolchain-13.3.rel1-x86_64-arm-none-eabi/bin/../lib/gcc/arm-none-eabi/13.3.1/../../../../arm-none-eabi/lib/thumb/v8-m.main+fp/hard/librdimon_nano.a(arm_librdimon_a-syscalls.o)
                0x00001982                _times
 .text._isatty  0x00001998       0x3a /opt/arm-gnu-toolchain-13.3.rel1-x86_64-arm-none-eabi/bin/../lib/gcc/arm-none-eabi/13.3.1/../../../../arm-none-eabi/lib/thumb/v8-m.main+fp/hard/librdimon_nano.a(arm_librdimon_a-syscalls.o)
                0x00001998                _isatty
 .text._system  0x000019d2       0x3c /opt/arm-gnu-toolchain-13.3.rel1-x86_64-arm-none-eabi/bin/../lib/gcc/arm-none-eabi/13.3.1/../../../../arm-none-eabi/lib/thumb/v8-m.main+fp/hard/librdimon_nano.a(arm_librdimon_a-syscalls.o)
                0x000019d2                _system
 .text._rename  0x00001a0e       0x36 /opt/arm-gnu-toolchain-13.3.rel1-x86_64-arm-none-eabi/bin/../lib/gcc/arm-none-eabi/13.3.1/../../../../arm-none-eabi/lib/thumb/v8-m.main+fp/hard/librdimon_nano.a(arm_librdimon_a-syscalls.o)
                0x00001a0e                _rename
 .text          0x00001a44        0x0 /opt/arm-gnu-toolchain-13.3.rel1-x86_64-arm-none-eabi/bin/../lib/gcc/arm-none-eabi/13.3.1/../../../../arm-none-eabi/lib/thumb/v8-m.main+fp/hard/libc_nano.a(libc_a-errno.o)
 .text.__errno  0x00001a44        0xc /opt/arm-gnu-toolchain-13.3.rel1-x86_64-arm-none-eabi/bin/../lib/gcc/arm-none-eabi/13.3.1/../../../../arm-none-eabi/lib/thumb/v8-m.main+fp/hard/libc_nano.a(libc_a-errno.o)
                0x00001a44                __errno
 .text          0x00001a50       0x10 /opt/arm-gnu-toolchain-13.3.rel1-x86_64-arm-none-eabi/bin/../lib/gcc/arm-none-eabi/13.3.1/../../../../arm-none-eabi/lib/thumb/v8-m.main+fp/hard/libc_nano.a(libc_a-strlen.o)
                0x00001a50                strlen
 .text          0x00001a60        0x0 /opt/arm-gnu-toolchain-13.3.rel1-x86_64-arm-none-eabi/bin/../lib/gcc/arm-none-eabi/13.3.1/thumb/v8-m.main+fp/hard/crtend.o
 .text          0x00001a60        0x0 /opt/arm-gnu-toolchain-13.3.rel1-x86_64-arm-none-eabi/bin/../lib/gcc/arm-none-eabi/13.3.1/thumb/v8-m.main+fp/hard/crtn.o
                0x00001a60                        . = ALIGN (0x4)
                0x00001a60                        __copy_table_start__ = .
                0x00001a60        0x4 LONG 0x1b24 __etext
                0x00001a64        0x4 LONG 0xa0000 __data_start__
                0x00001a68        0x4 LONG 0x64 ((__data_end__ - __data_start__) / 0x4)
                0x00001a6c                        __copy_table_end__ = .
                0x00001a6c                        . = ALIGN (0x4)
                0x00001a6c                        __zero_table_start__ = .
                0x00001a6c        0x4 LONG 0xa0190 __bss_start__
                0x00001a70        0x4 LONG 0x87 ((__bss_end__ - __bss_start__) / 0x4)
                0x00001a74                        __zero_table_end__ = .
 *(.init)
 .init          0x00001a74        0x4 /opt/arm-gnu-toolchain-13.3.rel1-x86_64-arm-none-eabi/bin/../lib/gcc/arm-none-eabi/13.3.1/thumb/v8-m.main+fp/hard/crti.o
                0x00001a74                _init
 .init          0x00001a78        0x8 /opt/arm-gnu-toolchain-13.3.rel1-x86_64-arm-none-eabi/bin/../lib/gcc/arm-none-eabi/13.3.1/thumb/v8-m.main+fp/hard/crtn.o
 *(.fini)
 .fini          0x00001a80        0x4 /opt/arm-gnu-toolchain-13.3.rel1-x86_64-arm-none-eabi/bin/../lib/gcc/arm-none-eabi/13.3.1/thumb/v8-m.main+fp/hard/crti.o
                0x00001a80                _fini
 .fini          0x00001a84        0x8 /opt/arm-gnu-toolchain-13.3.rel1-x86_64-arm-none-eabi/bin/../lib/gcc/arm-none-eabi/13.3.1/thumb/v8-m.main+fp/hard/crtn.o
 *crtbegin.o(.ctors)
 *crtbegin?.o(.ctors)
 *(EXCLUDE_FILE(*crtend.o *crtend?.o) .ctors)
 *(SORT_BY_NAME(.ctors.*))
 *(.ctors)
 *crtbegin.o(.dtors)
 *crtbegin?.o(.dtors)
 *(EXCLUDE_FILE(*crtend.o *crtend?.o) .dtors)
 *(SORT_BY_NAME(.dtors.*))
 *(.dtors)
 *(.rodata*)
 .rodata.all_implied_fbits
                0x00001a8c       0x24 /opt/arm-gnu-toolchain-13.3.rel1-x86_64-arm-none-eabi/bin/../lib/gcc/arm-none-eabi/13.3.1/thumb/v8-m.main+fp/hard/crtbegin.o
 .rodata._get_semihosting_exts.str1.1
                0x00001ab0       0x1a /opt/arm-gnu-toolchain-13.3.rel1-x86_64-arm-none-eabi/bin/../lib/gcc/arm-none-eabi/13.3.1/../../../../arm-none-eabi/lib/thumb/v8-m.main+fp/hard/librdimon_nano.a(arm_librdimon_a-syscalls.o)
                                 0x16 (size before relaxing)
 .rodata.initialise_monitor_handles.str1.1
                0x00001aca        0x4 /opt/arm-gnu-toolchain-13.3.rel1-x86_64-arm-none-eabi/bin/../lib/gcc/arm-none-eabi/13.3.1/../../../../arm-none-eabi/lib/thumb/v8-m.main+fp/hard/librdimon_nano.a(arm_librdimon_a-syscalls.o)
 *fill*         0x00001aca        0x2 
 .rodata.all_implied_fbits
                0x00001acc       0x24 /opt/arm-gnu-toolchain-13.3.rel1-x86_64-arm-none-eabi/bin/../lib/gcc/arm-none-eabi/13.3.1/thumb/v8-m.main+fp/hard/crtend.o
 *(.eh_frame*)
 .eh_frame      0x00001af0        0x0 /opt/arm-gnu-toolchain-13.3.rel1-x86_64-arm-none-eabi/bin/../lib/gcc/arm-none-eabi/13.3.1/thumb/v8-m.main+fp/hard/crtbegin.o
 .eh_frame      0x00001af0       0x28 /opt/arm-gnu-toolchain-13.3.rel1-x86_64-arm-none-eabi/bin/../lib/gcc/arm-none-eabi/13.3.1/../../../../arm-none-eabi/lib/thumb/v8-m.main+fp/hard/libc_nano.a(libc_a-strlen.o)
 .eh_frame      0x00001b18        0x4 /opt/arm-gnu-toolchain-13.3.rel1-x86_64-arm-none-eabi/bin/../lib/gcc/arm-none-eabi/13.3.1/thumb/v8-m.main+fp/hard/crtend.o

.glue_7         0x00001b1c        0x0
 .glue_7        0x00001b1c        0x0 linker stubs

.glue_7t        0x00001b1c        0x0
 .glue_7t       0x00001b1c        0x0 linker stubs

.vfp11_veneer   0x00001b1c        0x0
 .vfp11_veneer  0x00001b1c        0x0 linker stubs

.v4_bx          0x00001b1c        0x0
 .v4_bx         0x00001b1c        0x0 linker stubs

.iplt           0x00001b1c        0x0
 .iplt          0x00001b1c        0x0 /opt/arm-gnu-toolchain-13.3.rel1-x86_64-arm-none-eabi/bin/../lib/gcc/arm-none-eabi/13.3.1/thumb/v8-m.main+fp/hard/crtbegin.o

.ARM.extab      0x00001b1c        0x0
 *(.ARM.extab* .gnu.linkonce.armextab.*)
 .ARM.extab     0x00001b1c        0x0 /opt/arm-gnu-toolchain-13.3.rel1-x86_64-arm-none-eabi/bin/../lib/gcc/arm-none-eabi/13.3.1/../../../../arm-none-eabi/lib/thumb/v8-m.main+fp/hard/rdimon-crt0.o
 .ARM.extab     0x00001b1c        0x0 /opt/arm-gnu-toolchain-13.3.rel1-x86_64-arm-none-eabi/bin/../lib/gcc/arm-none-eabi/13.3.1/../../../../arm-none-eabi/lib/thumb/v8-m.main+fp/hard/libc_nano.a(libc_a-strlen.o)
                0x00001b1c                        __exidx_start = .

.ARM.exidx      0x00001b1c        0x8
 *(.ARM.exidx* .gnu.linkonce.armexidx.*)
 .ARM.exidx     0x00001b1c        0x8 /opt/arm-gnu-toolchain-13.3.rel1-x86_64-arm-none-eabi/bin/../lib/gcc/arm-none-eabi/13.3.1/../../../../arm-none-eabi/lib/thumb/v8-m.main+fp/hard/rdimon-crt0.o
                                 0x10 (size before relaxing)
 .ARM.exidx     0x00001b24        0x0 /opt/arm-gnu-toolchain-13.3.rel1-x86_64-arm-none-eabi/bin/../lib/gcc/arm-none-eabi/13.3.1/../../../../arm-none-eabi/lib/thumb/v8-m.main+fp/hard/libc_nano.a(libc_a-strlen.o)
                                  0x8 (size before relaxing)
                0x00001b24                        __exidx_end = .
                0x00001b24                        PROVIDE (__etext = LOADADDR (.data))

.rel.dyn        0x00001b24        0x0
 .rel.iplt      0x00001b24        0x0 /opt/arm-gnu-toolchain-13.3.rel1-x86_64-arm-none-eabi/bin/../lib/gcc/arm-none-eabi/13.3.1/thumb/v8-m.main+fp/hard/crtbegin.o

.data           0x000a0000      0x190 load address 0x00001b24
                0x000a0000                        __data_start__ = .
 *(vtable)
 *(.data)
 .data          0x000a0000        0x0 /opt/arm-gnu-toolchain-13.3.rel1-x86_64-arm-none-eabi/bin/../lib/gcc/arm-none-eabi/13.3.1/thumb/v8-m.main+fp/hard/crti.o
 .data          0x000a0000        0x0 /opt/arm-gnu-toolchain-13.3.rel1-x86_64-arm-none-eabi/bin/../lib/gcc/arm-none-eabi/13.3.1/thumb/v8-m.main+fp/hard/crtbegin.o
 .data          0x000a0000      0x118 /opt/arm-gnu-toolchain-13.3.rel1-x86_64-arm-none-eabi/bin/../lib/gcc/arm-none-eabi/13.3.1/../../../../arm-none-eabi/lib/thumb/v8-m.main+fp/hard/rdimon-crt0.o
                0x000a0008                __stack_base__
 .data          0x000a0118        0x0 CMakeFiles/register_test_2.elf.dir/main.c.obj
 .data          0x000a0118        0x0 soc/libsoc.a(startup.c.obj)
 .data          0x000a0118        0x4 soc/libsoc.a(system.c.obj)
                0x000a0118                SystemCoreClock
 .data          0x000a011c        0x0 /opt/arm-gnu-toolchain-13.3.rel1-x86_64-arm-none-eabi/bin/../lib/gcc/arm-none-eabi/13.3.1/../../../../arm-none-eabi/lib/thumb/v8-m.main+fp/hard/libg_nano.a(libc_a-exit.o)
 .data          0x000a011c        0x0 /opt/arm-gnu-toolchain-13.3.rel1-x86_64-arm-none-eabi/bin/../lib/gcc/arm-none-eabi/13.3.1/../../../../arm-none-eabi/lib/thumb/v8-m.main+fp/hard/libg_nano.a(libc_a-init.o)
 .data          0x000a011c        0x0 /opt/arm-gnu-toolchain-13.3.rel1-x86_64-arm-none-eabi/bin/../lib/gcc/arm-none-eabi/13.3.1/../../../../arm-none-eabi/lib/thumb/v8-m.main+fp/hard/libg_nano.a(libc_a-memset.o)
 .data          0x000a011c        0x0 /opt/arm-gnu-toolchain-13.3.rel1-x86_64-arm-none-eabi/bin/../lib/gcc/arm-none-eabi/13.3.1/../../../../arm-none-eabi/lib/thumb/v8-m.main+fp/hard/libg_nano.a(libc_a-findfp.o)
 .data          0x000a011c        0x0 /opt/arm-gnu-toolchain-13.3.rel1-x86_64-arm-none-eabi/bin/../lib/gcc/arm-none-eabi/13.3.1/../../../../arm-none-eabi/lib/thumb/v8-m.main+fp/hard/libg_nano.a(libc_a-stdio.o)
 .data          0x000a011c        0x0 /opt/arm-gnu-toolchain-13.3.rel1-x86_64-arm-none-eabi/bin/../lib/gcc/arm-none-eabi/13.3.1/../../../../arm-none-eabi/lib/thumb/v8-m.main+fp/hard/libg_nano.a(libc_a-lseekr.o)
 .data          0x000a011c        0x0 /opt/arm-gnu-toolchain-13.3.rel1-x86_64-arm-none-eabi/bin/../lib/gcc/arm-none-eabi/13.3.1/../../../../arm-none-eabi/lib/thumb/v8-m.main+fp/hard/libg_nano.a(libc_a-readr.o)
 .data          0x000a011c        0x0 /opt/arm-gnu-toolchain-13.3.rel1-x86_64-arm-none-eabi/bin/../lib/gcc/arm-none-eabi/13.3.1/../../../../arm-none-eabi/lib/thumb/v8-m.main+fp/hard/libg_nano.a(libc_a-fwalk.o)
 .data          0x000a011c        0x0 /opt/arm-gnu-toolchain-13.3.rel1-x86_64-arm-none-eabi/bin/../lib/gcc/arm-none-eabi/13.3.1/../../../../arm-none-eabi/lib/thumb/v8-m.main+fp/hard/libg_nano.a(libc_a-writer.o)
 .data          0x000a011c        0x0 /opt/arm-gnu-toolchain-13.3.rel1-x86_64-arm-none-eabi/bin/../lib/gcc/arm-none-eabi/13.3.1/../../../../arm-none-eabi/lib/thumb/v8-m.main+fp/hard/libg_nano.a(libc_a-lock.o)
 .data          0x000a011c        0x0 /opt/arm-gnu-toolchain-13.3.rel1-x86_64-arm-none-eabi/bin/../lib/gcc/arm-none-eabi/13.3.1/../../../../arm-none-eabi/lib/thumb/v8-m.main+fp/hard/libg_nano.a(libc_a-fflush.o)
 .data          0x000a011c        0x0 /opt/arm-gnu-toolchain-13.3.rel1-x86_64-arm-none-eabi/bin/../lib/gcc/arm-none-eabi/13.3.1/../../../../arm-none-eabi/lib/thumb/v8-m.main+fp/hard/libg_nano.a(libc_a-mallocr.o)
 .data          0x000a011c        0x0 /opt/arm-gnu-toolchain-13.3.rel1-x86_64-arm-none-eabi/bin/../lib/gcc/arm-none-eabi/13.3.1/../../../../arm-none-eabi/lib/thumb/v8-m.main+fp/hard/libg_nano.a(libc_a-closer.o)
 .data          0x000a011c        0x0 /opt/arm-gnu-toolchain-13.3.rel1-x86_64-arm-none-eabi/bin/../lib/gcc/arm-none-eabi/13.3.1/../../../../arm-none-eabi/lib/thumb/v8-m.main+fp/hard/libg_nano.a(libc_a-reent.o)
 .data          0x000a011c        0x0 /opt/arm-gnu-toolchain-13.3.rel1-x86_64-arm-none-eabi/bin/../lib/gcc/arm-none-eabi/13.3.1/../../../../arm-none-eabi/lib/thumb/v8-m.main+fp/hard/libg_nano.a(libc_a-impure.o)
 .data          0x000a011c        0x0 /opt/arm-gnu-toolchain-13.3.rel1-x86_64-arm-none-eabi/bin/../lib/gcc/arm-none-eabi/13.3.1/../../../../arm-none-eabi/lib/thumb/v8-m.main+fp/hard/libg_nano.a(libc_a-mlock.o)
 .data          0x000a011c        0x0 /opt/arm-gnu-toolchain-13.3.rel1-x86_64-arm-none-eabi/bin/../lib/gcc/arm-none-eabi/13.3.1/../../../../arm-none-eabi/lib/thumb/v8-m.main+fp/hard/libg_nano.a(libc_a-sbrkr.o)
 .data          0x000a011c        0x0 /opt/arm-gnu-toolchain-13.3.rel1-x86_64-arm-none-eabi/bin/../lib/gcc/arm-none-eabi/13.3.1/../../../../arm-none-eabi/lib/thumb/v8-m.main+fp/hard/libg_nano.a(libc_a-freer.o)
 .data          0x000a011c        0x0 /opt/arm-gnu-toolchain-13.3.rel1-x86_64-arm-none-eabi/bin/../lib/gcc/arm-none-eabi/13.3.1/../../../../arm-none-eabi/lib/thumb/v8-m.main+fp/hard/librdimon_nano.a(arm_librdimon_a-_exit.o)
 .data          0x000a011c        0x0 /opt/arm-gnu-toolchain-13.3.rel1-x86_64-arm-none-eabi/bin/../lib/gcc/arm-none-eabi/13.3.1/../../../../arm-none-eabi/lib/thumb/v8-m.main+fp/hard/librdimon_nano.a(arm_librdimon_a-_kill.o)
 .data          0x000a011c        0x0 /opt/arm-gnu-toolchain-13.3.rel1-x86_64-arm-none-eabi/bin/../lib/gcc/arm-none-eabi/13.3.1/../../../../arm-none-eabi/lib/thumb/v8-m.main+fp/hard/librdimon_nano.a(arm_librdimon_a-syscalls.o)
 .data          0x000a011c        0x0 /opt/arm-gnu-toolchain-13.3.rel1-x86_64-arm-none-eabi/bin/../lib/gcc/arm-none-eabi/13.3.1/../../../../arm-none-eabi/lib/thumb/v8-m.main+fp/hard/libc_nano.a(libc_a-errno.o)
 .data          0x000a011c        0x0 /opt/arm-gnu-toolchain-13.3.rel1-x86_64-arm-none-eabi/bin/../lib/gcc/arm-none-eabi/13.3.1/../../../../arm-none-eabi/lib/thumb/v8-m.main+fp/hard/libc_nano.a(libc_a-strlen.o)
 .data          0x000a011c        0x0 /opt/arm-gnu-toolchain-13.3.rel1-x86_64-arm-none-eabi/bin/../lib/gcc/arm-none-eabi/13.3.1/thumb/v8-m.main+fp/hard/crtend.o
 .data          0x000a011c        0x0 /opt/arm-gnu-toolchain-13.3.rel1-x86_64-arm-none-eabi/bin/../lib/gcc/arm-none-eabi/13.3.1/thumb/v8-m.main+fp/hard/crtn.o
 *(.data.*)
 .data.__dso_handle
                0x000a011c        0x4 /opt/arm-gnu-toolchain-13.3.rel1-x86_64-arm-none-eabi/bin/../lib/gcc/arm-none-eabi/13.3.1/thumb/v8-m.main+fp/hard/crtbegin.o
                0x000a011c                __dso_handle
 .data.__sglue  0x000a0120        0xc /opt/arm-gnu-toolchain-13.3.rel1-x86_64-arm-none-eabi/bin/../lib/gcc/arm-none-eabi/13.3.1/../../../../arm-none-eabi/lib/thumb/v8-m.main+fp/hard/libg_nano.a(libc_a-findfp.o)
                0x000a0120                __sglue
 .data._impure_ptr
                0x000a012c        0x4 /opt/arm-gnu-toolchain-13.3.rel1-x86_64-arm-none-eabi/bin/../lib/gcc/arm-none-eabi/13.3.1/../../../../arm-none-eabi/lib/thumb/v8-m.main+fp/hard/libg_nano.a(libc_a-impure.o)
                0x000a012c                _impure_ptr
 .data._impure_data
                0x000a0130       0x4c /opt/arm-gnu-toolchain-13.3.rel1-x86_64-arm-none-eabi/bin/../lib/gcc/arm-none-eabi/13.3.1/../../../../arm-none-eabi/lib/thumb/v8-m.main+fp/hard/libg_nano.a(libc_a-impure.o)
                0x000a0130                _impure_data
 .data.__heap_limit
                0x000a017c        0x4 /opt/arm-gnu-toolchain-13.3.rel1-x86_64-arm-none-eabi/bin/../lib/gcc/arm-none-eabi/13.3.1/../../../../arm-none-eabi/lib/thumb/v8-m.main+fp/hard/librdimon_nano.a(arm_librdimon_a-syscalls.o)
                0x000a017c                __heap_limit
 .data.supports_ext_stdout_stderr
                0x000a0180        0x4 /opt/arm-gnu-toolchain-13.3.rel1-x86_64-arm-none-eabi/bin/../lib/gcc/arm-none-eabi/13.3.1/../../../../arm-none-eabi/lib/thumb/v8-m.main+fp/hard/librdimon_nano.a(arm_librdimon_a-syscalls.o)
 .data.supports_ext_exit_extended
                0x000a0184        0x4 /opt/arm-gnu-toolchain-13.3.rel1-x86_64-arm-none-eabi/bin/../lib/gcc/arm-none-eabi/13.3.1/../../../../arm-none-eabi/lib/thumb/v8-m.main+fp/hard/librdimon_nano.a(arm_librdimon_a-syscalls.o)
                0x000a0188                        . = ALIGN (0x4)
                0x000a0188                        PROVIDE (__preinit_array_start = .)
 *(.preinit_array)
                0x000a0188                        PROVIDE (__preinit_array_end = .)
                0x000a0188                        . = ALIGN (0x4)
                0x000a0188                        PROVIDE (__init_array_start = .)
 *(SORT_BY_NAME(.init_array.*))
 *(.init_array)
 .init_array    0x000a0188        0x4 /opt/arm-gnu-toolchain-13.3.rel1-x86_64-arm-none-eabi/bin/../lib/gcc/arm-none-eabi/13.3.1/thumb/v8-m.main+fp/hard/crtbegin.o
                0x000a018c                        PROVIDE (__init_array_end = .)
                0x000a018c                        . = ALIGN (0x4)
                [!provide]                        PROVIDE (__fini_array_start = .)
 *(SORT_BY_NAME(.fini_array.*))
 *(.fini_array)
 .fini_array    0x000a018c        0x4 /opt/arm-gnu-toolchain-13.3.rel1-x86_64-arm-none-eabi/bin/../lib/gcc/arm-none-eabi/13.3.1/thumb/v8-m.main+fp/hard/crtbegin.o
                [!provide]                        PROVIDE (__fini_array_end = .)
 *(.jcr*)
                0x000a0190                        . = ALIGN (0x4)
                0x000a0190                        __data_end__ = .

.tm_clone_table
                0x000a0190        0x0 load address 0x00001cb4
 .tm_clone_table
                0x000a0190        0x0 /opt/arm-gnu-toolchain-13.3.rel1-x86_64-arm-none-eabi/bin/../lib/gcc/arm-none-eabi/13.3.1/thumb/v8-m.main+fp/hard/crtbegin.o
 .tm_clone_table
                0x000a0190        0x0 /opt/arm-gnu-toolchain-13.3.rel1-x86_64-arm-none-eabi/bin/../lib/gcc/arm-none-eabi/13.3.1/thumb/v8-m.main+fp/hard/crtend.o

.igot.plt       0x000a0190        0x0 load address 0x00001cb4
 .igot.plt      0x000a0190        0x0 /opt/arm-gnu-toolchain-13.3.rel1-x86_64-arm-none-eabi/bin/../lib/gcc/arm-none-eabi/13.3.1/thumb/v8-m.main+fp/hard/crtbegin.o

.bss            0x000a0190      0x21c
                0x000a0190                        . = ALIGN (0x4)
                0x000a0190                        __bss_start__ = .
 *(.bss)
 .bss           0x000a0190        0x0 /opt/arm-gnu-toolchain-13.3.rel1-x86_64-arm-none-eabi/bin/../lib/gcc/arm-none-eabi/13.3.1/thumb/v8-m.main+fp/hard/crti.o
 .bss           0x000a0190        0x0 /opt/arm-gnu-toolchain-13.3.rel1-x86_64-arm-none-eabi/bin/../lib/gcc/arm-none-eabi/13.3.1/thumb/v8-m.main+fp/hard/crtbegin.o
 .bss           0x000a0190        0x0 /opt/arm-gnu-toolchain-13.3.rel1-x86_64-arm-none-eabi/bin/../lib/gcc/arm-none-eabi/13.3.1/../../../../arm-none-eabi/lib/thumb/v8-m.main+fp/hard/rdimon-crt0.o
 .bss           0x000a0190        0x0 CMakeFiles/register_test_2.elf.dir/main.c.obj
 .bss           0x000a0190        0x0 soc/libsoc.a(startup.c.obj)
 .bss           0x000a0190        0x0 soc/libsoc.a(system.c.obj)
 .bss           0x000a0190        0x0 /opt/arm-gnu-toolchain-13.3.rel1-x86_64-arm-none-eabi/bin/../lib/gcc/arm-none-eabi/13.3.1/../../../../arm-none-eabi/lib/thumb/v8-m.main+fp/hard/libg_nano.a(libc_a-exit.o)
 .bss           0x000a0190        0x0 /opt/arm-gnu-toolchain-13.3.rel1-x86_64-arm-none-eabi/bin/../lib/gcc/arm-none-eabi/13.3.1/../../../../arm-none-eabi/lib/thumb/v8-m.main+fp/hard/libg_nano.a(libc_a-init.o)
 .bss           0x000a0190        0x0 /opt/arm-gnu-toolchain-13.3.rel1-x86_64-arm-none-eabi/bin/../lib/gcc/arm-none-eabi/13.3.1/../../../../arm-none-eabi/lib/thumb/v8-m.main+fp/hard/libg_nano.a(libc_a-memset.o)
 .bss           0x000a0190        0x0 /opt/arm-gnu-toolchain-13.3.rel1-x86_64-arm-none-eabi/bin/../lib/gcc/arm-none-eabi/13.3.1/../../../../arm-none-eabi/lib/thumb/v8-m.main+fp/hard/libg_nano.a(libc_a-findfp.o)
 .bss           0x000a0190        0x0 /opt/arm-gnu-toolchain-13.3.rel1-x86_64-arm-none-eabi/bin/../lib/gcc/arm-none-eabi/13.3.1/../../../../arm-none-eabi/lib/thumb/v8-m.main+fp/hard/libg_nano.a(libc_a-stdio.o)
 .bss           0x000a0190        0x0 /opt/arm-gnu-toolchain-13.3.rel1-x86_64-arm-none-eabi/bin/../lib/gcc/arm-none-eabi/13.3.1/../../../../arm-none-eabi/lib/thumb/v8-m.main+fp/hard/libg_nano.a(libc_a-lseekr.o)
 .bss           0x000a0190        0x0 /opt/arm-gnu-toolchain-13.3.rel1-x86_64-arm-none-eabi/bin/../lib/gcc/arm-none-eabi/13.3.1/../../../../arm-none-eabi/lib/thumb/v8-m.main+fp/hard/libg_nano.a(libc_a-readr.o)
 .bss           0x000a0190        0x0 /opt/arm-gnu-toolchain-13.3.rel1-x86_64-arm-none-eabi/bin/../lib/gcc/arm-none-eabi/13.3.1/../../../../arm-none-eabi/lib/thumb/v8-m.main+fp/hard/libg_nano.a(libc_a-fwalk.o)
 .bss           0x000a0190        0x0 /opt/arm-gnu-toolchain-13.3.rel1-x86_64-arm-none-eabi/bin/../lib/gcc/arm-none-eabi/13.3.1/../../../../arm-none-eabi/lib/thumb/v8-m.main+fp/hard/libg_nano.a(libc_a-writer.o)
 .bss           0x000a0190        0x0 /opt/arm-gnu-toolchain-13.3.rel1-x86_64-arm-none-eabi/bin/../lib/gcc/arm-none-eabi/13.3.1/../../../../arm-none-eabi/lib/thumb/v8-m.main+fp/hard/libg_nano.a(libc_a-lock.o)
 .bss           0x000a0190        0x0 /opt/arm-gnu-toolchain-13.3.rel1-x86_64-arm-none-eabi/bin/../lib/gcc/arm-none-eabi/13.3.1/../../../../arm-none-eabi/lib/thumb/v8-m.main+fp/hard/libg_nano.a(libc_a-fflush.o)
 .bss           0x000a0190        0x0 /opt/arm-gnu-toolchain-13.3.rel1-x86_64-arm-none-eabi/bin/../lib/gcc/arm-none-eabi/13.3.1/../../../../arm-none-eabi/lib/thumb/v8-m.main+fp/hard/libg_nano.a(libc_a-mallocr.o)
 .bss           0x000a0190        0x0 /opt/arm-gnu-toolchain-13.3.rel1-x86_64-arm-none-eabi/bin/../lib/gcc/arm-none-eabi/13.3.1/../../../../arm-none-eabi/lib/thumb/v8-m.main+fp/hard/libg_nano.a(libc_a-closer.o)
 .bss           0x000a0190        0x0 /opt/arm-gnu-toolchain-13.3.rel1-x86_64-arm-none-eabi/bin/../lib/gcc/arm-none-eabi/13.3.1/../../../../arm-none-eabi/lib/thumb/v8-m.main+fp/hard/libg_nano.a(libc_a-reent.o)
 .bss           0x000a0190        0x0 /opt/arm-gnu-toolchain-13.3.rel1-x86_64-arm-none-eabi/bin/../lib/gcc/arm-none-eabi/13.3.1/../../../../arm-none-eabi/lib/thumb/v8-m.main+fp/hard/libg_nano.a(libc_a-impure.o)
 .bss           0x000a0190        0x0 /opt/arm-gnu-toolchain-13.3.rel1-x86_64-arm-none-eabi/bin/../lib/gcc/arm-none-eabi/13.3.1/../../../../arm-none-eabi/lib/thumb/v8-m.main+fp/hard/libg_nano.a(libc_a-mlock.o)
 .bss           0x000a0190        0x0 /opt/arm-gnu-toolchain-13.3.rel1-x86_64-arm-none-eabi/bin/../lib/gcc/arm-none-eabi/13.3.1/../../../../arm-none-eabi/lib/thumb/v8-m.main+fp/hard/libg_nano.a(libc_a-sbrkr.o)
 .bss           0x000a0190        0x0 /opt/arm-gnu-toolchain-13.3.rel1-x86_64-arm-none-eabi/bin/../lib/gcc/arm-none-eabi/13.3.1/../../../../arm-none-eabi/lib/thumb/v8-m.main+fp/hard/libg_nano.a(libc_a-freer.o)
 .bss           0x000a0190        0x0 /opt/arm-gnu-toolchain-13.3.rel1-x86_64-arm-none-eabi/bin/../lib/gcc/arm-none-eabi/13.3.1/../../../../arm-none-eabi/lib/thumb/v8-m.main+fp/hard/librdimon_nano.a(arm_librdimon_a-_exit.o)
 .bss           0x000a0190        0x0 /opt/arm-gnu-toolchain-13.3.rel1-x86_64-arm-none-eabi/bin/../lib/gcc/arm-none-eabi/13.3.1/../../../../arm-none-eabi/lib/thumb/v8-m.main+fp/hard/librdimon_nano.a(arm_librdimon_a-_kill.o)
 .bss           0x000a0190        0x0 /opt/arm-gnu-toolchain-13.3.rel1-x86_64-arm-none-eabi/bin/../lib/gcc/arm-none-eabi/13.3.1/../../../../arm-none-eabi/lib/thumb/v8-m.main+fp/hard/librdimon_nano.a(arm_librdimon_a-syscalls.o)
 .bss           0x000a0190        0x0 /opt/arm-gnu-toolchain-13.3.rel1-x86_64-arm-none-eabi/bin/../lib/gcc/arm-none-eabi/13.3.1/../../../../arm-none-eabi/lib/thumb/v8-m.main+fp/hard/libc_nano.a(libc_a-errno.o)
 .bss           0x000a0190        0x0 /opt/arm-gnu-toolchain-13.3.rel1-x86_64-arm-none-eabi/bin/../lib/gcc/arm-none-eabi/13.3.1/../../../../arm-none-eabi/lib/thumb/v8-m.main+fp/hard/libc_nano.a(libc_a-strlen.o)
 .bss           0x000a0190        0x0 /opt/arm-gnu-toolchain-13.3.rel1-x86_64-arm-none-eabi/bin/../lib/gcc/arm-none-eabi/13.3.1/thumb/v8-m.main+fp/hard/crtend.o
 .bss           0x000a0190        0x0 /opt/arm-gnu-toolchain-13.3.rel1-x86_64-arm-none-eabi/bin/../lib/gcc/arm-none-eabi/13.3.1/thumb/v8-m.main+fp/hard/crtn.o
 *(.bss.*)
 .bss.completed.1
                0x000a0190        0x1 /opt/arm-gnu-toolchain-13.3.rel1-x86_64-arm-none-eabi/bin/../lib/gcc/arm-none-eabi/13.3.1/thumb/v8-m.main+fp/hard/crtbegin.o
 *fill*         0x000a0191        0x3 
 .bss.object.0  0x000a0194       0x18 /opt/arm-gnu-toolchain-13.3.rel1-x86_64-arm-none-eabi/bin/../lib/gcc/arm-none-eabi/13.3.1/thumb/v8-m.main+fp/hard/crtbegin.o
 .bss.__sf      0x000a01ac      0x138 /opt/arm-gnu-toolchain-13.3.rel1-x86_64-arm-none-eabi/bin/../lib/gcc/arm-none-eabi/13.3.1/../../../../arm-none-eabi/lib/thumb/v8-m.main+fp/hard/libg_nano.a(libc_a-findfp.o)
                0x000a01ac                __sf
 .bss.__stdio_exit_handler
                0x000a02e4        0x4 /opt/arm-gnu-toolchain-13.3.rel1-x86_64-arm-none-eabi/bin/../lib/gcc/arm-none-eabi/13.3.1/../../../../arm-none-eabi/lib/thumb/v8-m.main+fp/hard/libg_nano.a(libc_a-findfp.o)
                0x000a02e4                __stdio_exit_handler
 .bss.__lock___arc4random_mutex
                0x000a02e8        0x1 /opt/arm-gnu-toolchain-13.3.rel1-x86_64-arm-none-eabi/bin/../lib/gcc/arm-none-eabi/13.3.1/../../../../arm-none-eabi/lib/thumb/v8-m.main+fp/hard/libg_nano.a(libc_a-lock.o)
                0x000a02e8                __lock___arc4random_mutex
 .bss.__lock___dd_hash_mutex
                0x000a02e9        0x1 /opt/arm-gnu-toolchain-13.3.rel1-x86_64-arm-none-eabi/bin/../lib/gcc/arm-none-eabi/13.3.1/../../../../arm-none-eabi/lib/thumb/v8-m.main+fp/hard/libg_nano.a(libc_a-lock.o)
                0x000a02e9                __lock___dd_hash_mutex
 .bss.__lock___tz_mutex
                0x000a02ea        0x1 /opt/arm-gnu-toolchain-13.3.rel1-x86_64-arm-none-eabi/bin/../lib/gcc/arm-none-eabi/13.3.1/../../../../arm-none-eabi/lib/thumb/v8-m.main+fp/hard/libg_nano.a(libc_a-lock.o)
                0x000a02ea                __lock___tz_mutex
 .bss.__lock___env_recursive_mutex
                0x000a02eb        0x1 /opt/arm-gnu-toolchain-13.3.rel1-x86_64-arm-none-eabi/bin/../lib/gcc/arm-none-eabi/13.3.1/../../../../arm-none-eabi/lib/thumb/v8-m.main+fp/hard/libg_nano.a(libc_a-lock.o)
                0x000a02eb                __lock___env_recursive_mutex
 .bss.__lock___malloc_recursive_mutex
                0x000a02ec        0x1 /opt/arm-gnu-toolchain-13.3.rel1-x86_64-arm-none-eabi/bin/../lib/gcc/arm-none-eabi/13.3.1/../../../../arm-none-eabi/lib/thumb/v8-m.main+fp/hard/libg_nano.a(libc_a-lock.o)
                0x000a02ec                __lock___malloc_recursive_mutex
 .bss.__lock___at_quick_exit_mutex
                0x000a02ed        0x1 /opt/arm-gnu-toolchain-13.3.rel1-x86_64-arm-none-eabi/bin/../lib/gcc/arm-none-eabi/13.3.1/../../../../arm-none-eabi/lib/thumb/v8-m.main+fp/hard/libg_nano.a(libc_a-lock.o)
                0x000a02ed                __lock___at_quick_exit_mutex
 .bss.__lock___atexit_recursive_mutex
                0x000a02ee        0x1 /opt/arm-gnu-toolchain-13.3.rel1-x86_64-arm-none-eabi/bin/../lib/gcc/arm-none-eabi/13.3.1/../../../../arm-none-eabi/lib/thumb/v8-m.main+fp/hard/libg_nano.a(libc_a-lock.o)
                0x000a02ee                __lock___atexit_recursive_mutex
 .bss.__lock___sfp_recursive_mutex
                0x000a02ef        0x1 /opt/arm-gnu-toolchain-13.3.rel1-x86_64-arm-none-eabi/bin/../lib/gcc/arm-none-eabi/13.3.1/../../../../arm-none-eabi/lib/thumb/v8-m.main+fp/hard/libg_nano.a(libc_a-lock.o)
                0x000a02ef                __lock___sfp_recursive_mutex
 .bss.__malloc_sbrk_start
                0x000a02f0        0x4 /opt/arm-gnu-toolchain-13.3.rel1-x86_64-arm-none-eabi/bin/../lib/gcc/arm-none-eabi/13.3.1/../../../../arm-none-eabi/lib/thumb/v8-m.main+fp/hard/libg_nano.a(libc_a-mallocr.o)
                0x000a02f0                __malloc_sbrk_start
 .bss.__malloc_free_list
                0x000a02f4        0x4 /opt/arm-gnu-toolchain-13.3.rel1-x86_64-arm-none-eabi/bin/../lib/gcc/arm-none-eabi/13.3.1/../../../../arm-none-eabi/lib/thumb/v8-m.main+fp/hard/libg_nano.a(libc_a-mallocr.o)
                0x000a02f4                __malloc_free_list
 .bss.errno     0x000a02f8        0x4 /opt/arm-gnu-toolchain-13.3.rel1-x86_64-arm-none-eabi/bin/../lib/gcc/arm-none-eabi/13.3.1/../../../../arm-none-eabi/lib/thumb/v8-m.main+fp/hard/libg_nano.a(libc_a-reent.o)
                0x000a02f8                errno
 .bss.heap_end.0
                0x000a02fc        0x4 /opt/arm-gnu-toolchain-13.3.rel1-x86_64-arm-none-eabi/bin/../lib/gcc/arm-none-eabi/13.3.1/../../../../arm-none-eabi/lib/thumb/v8-m.main+fp/hard/librdimon_nano.a(arm_librdimon_a-syscalls.o)
 .bss.monitor_stderr
                0x000a0300        0x4 /opt/arm-gnu-toolchain-13.3.rel1-x86_64-arm-none-eabi/bin/../lib/gcc/arm-none-eabi/13.3.1/../../../../arm-none-eabi/lib/thumb/v8-m.main+fp/hard/librdimon_nano.a(arm_librdimon_a-syscalls.o)
 .bss.monitor_stdout
                0x000a0304        0x4 /opt/arm-gnu-toolchain-13.3.rel1-x86_64-arm-none-eabi/bin/../lib/gcc/arm-none-eabi/13.3.1/../../../../arm-none-eabi/lib/thumb/v8-m.main+fp/hard/librdimon_nano.a(arm_librdimon_a-syscalls.o)
 .bss.monitor_stdin
                0x000a0308        0x4 /opt/arm-gnu-toolchain-13.3.rel1-x86_64-arm-none-eabi/bin/../lib/gcc/arm-none-eabi/13.3.1/../../../../arm-none-eabi/lib/thumb/v8-m.main+fp/hard/librdimon_nano.a(arm_librdimon_a-syscalls.o)
 .bss.openfiles
                0x000a030c       0xa0 /opt/arm-gnu-toolchain-13.3.rel1-x86_64-arm-none-eabi/bin/../lib/gcc/arm-none-eabi/13.3.1/../../../../arm-none-eabi/lib/thumb/v8-m.main+fp/hard/librdimon_nano.a(arm_librdimon_a-syscalls.o)
 *(COMMON)
                0x000a03ac                        . = ALIGN (0x4)
                0x000a03ac                        __bss_end__ = .

.heap           0x000a03ac      0xc04
                0x000a03b0                        . = ALIGN (0x8)
 *fill*         0x000a03ac        0x4 
                0x000a03b0                        __end__ = .
                0x000a03b0                        PROVIDE (end = .)
                0x000a0fb0                        . = (. + __HEAP_SIZE)
 *fill*         0x000a03b0      0xc00 
                0x000a0fb0                        . = ALIGN (0x8)
                0x000a0fb0                        __HeapLimit = .

.stack          0x000bfc00      0x400
                0x000bfc00                        . = ALIGN (0x8)
                0x000bfc00                        __StackLimit = .
                0x000c0000                        . = (. + __STACK_SIZE)
 *fill*         0x000bfc00      0x400 
                0x000c0000                        . = ALIGN (0x8)
                0x000c0000                        __StackTop = .
                0x000c0000                        PROVIDE (__stack = __StackTop)
                0x00000001                        ASSERT ((__StackLimit >= __HeapLimit), region RAM overflowed with stack)
OUTPUT(register_test_2.elf elf32-littlearm)
LOAD linker stubs

.ARM.attributes
                0x00000000       0x36
 .ARM.attributes
                0x00000000       0x26 /opt/arm-gnu-toolchain-13.3.rel1-x86_64-arm-none-eabi/bin/../lib/gcc/arm-none-eabi/13.3.1/thumb/v8-m.main+fp/hard/crti.o
 .ARM.attributes
                0x00000026       0x38 /opt/arm-gnu-toolchain-13.3.rel1-x86_64-arm-none-eabi/bin/../lib/gcc/arm-none-eabi/13.3.1/thumb/v8-m.main+fp/hard/crtbegin.o
 .ARM.attributes
                0x0000005e       0x24 /opt/arm-gnu-toolchain-13.3.rel1-x86_64-arm-none-eabi/bin/../lib/gcc/arm-none-eabi/13.3.1/../../../../arm-none-eabi/lib/thumb/v8-m.main+fp/hard/rdimon-crt0.o
 .ARM.attributes
                0x00000082       0x3a CMakeFiles/register_test_2.elf.dir/main.c.obj
 .ARM.attributes
                0x000000bc       0x3a soc/libsoc.a(startup.c.obj)
 .ARM.attributes
                0x000000f6       0x3a soc/libsoc.a(system.c.obj)
 .ARM.attributes
                0x00000130       0x38 /opt/arm-gnu-toolchain-13.3.rel1-x86_64-arm-none-eabi/bin/../lib/gcc/arm-none-eabi/13.3.1/../../../../arm-none-eabi/lib/thumb/v8-m.main+fp/hard/libg_nano.a(libc_a-exit.o)
 .ARM.attributes
                0x00000168       0x38 /opt/arm-gnu-toolchain-13.3.rel1-x86_64-arm-none-eabi/bin/../lib/gcc/arm-none-eabi/13.3.1/../../../../arm-none-eabi/lib/thumb/v8-m.main+fp/hard/libg_nano.a(libc_a-init.o)
 .ARM.attributes
                0x000001a0       0x38 /opt/arm-gnu-toolchain-13.3.rel1-x86_64-arm-none-eabi/bin/../lib/gcc/arm-none-eabi/13.3.1/../../../../arm-none-eabi/lib/thumb/v8-m.main+fp/hard/libg_nano.a(libc_a-memset.o)
 .ARM.attributes
                0x000001d8       0x38 /opt/arm-gnu-toolchain-13.3.rel1-x86_64-arm-none-eabi/bin/../lib/gcc/arm-none-eabi/13.3.1/../../../../arm-none-eabi/lib/thumb/v8-m.main+fp/hard/libg_nano.a(libc_a-findfp.o)
 .ARM.attributes
                0x00000210       0x38 /opt/arm-gnu-toolchain-13.3.rel1-x86_64-arm-none-eabi/bin/../lib/gcc/arm-none-eabi/13.3.1/../../../../arm-none-eabi/lib/thumb/v8-m.main+fp/hard/libg_nano.a(libc_a-stdio.o)
 .ARM.attributes
                0x00000248       0x38 /opt/arm-gnu-toolchain-13.3.rel1-x86_64-arm-none-eabi/bin/../lib/gcc/arm-none-eabi/13.3.1/../../../../arm-none-eabi/lib/thumb/v8-m.main+fp/hard/libg_nano.a(libc_a-lseekr.o)
 .ARM.attributes
                0x00000280       0x38 /opt/arm-gnu-toolchain-13.3.rel1-x86_64-arm-none-eabi/bin/../lib/gcc/arm-none-eabi/13.3.1/../../../../arm-none-eabi/lib/thumb/v8-m.main+fp/hard/libg_nano.a(libc_a-readr.o)
 .ARM.attributes
                0x000002b8       0x38 /opt/arm-gnu-toolchain-13.3.rel1-x86_64-arm-none-eabi/bin/../lib/gcc/arm-none-eabi/13.3.1/../../../../arm-none-eabi/lib/thumb/v8-m.main+fp/hard/libg_nano.a(libc_a-fwalk.o)
 .ARM.attributes
                0x000002f0       0x38 /opt/arm-gnu-toolchain-13.3.rel1-x86_64-arm-none-eabi/bin/../lib/gcc/arm-none-eabi/13.3.1/../../../../arm-none-eabi/lib/thumb/v8-m.main+fp/hard/libg_nano.a(libc_a-writer.o)
 .ARM.attributes
                0x00000328       0x38 /opt/arm-gnu-toolchain-13.3.rel1-x86_64-arm-none-eabi/bin/../lib/gcc/arm-none-eabi/13.3.1/../../../../arm-none-eabi/lib/thumb/v8-m.main+fp/hard/libg_nano.a(libc_a-lock.o)
 .ARM.attributes
                0x00000360       0x38 /opt/arm-gnu-toolchain-13.3.rel1-x86_64-arm-none-eabi/bin/../lib/gcc/arm-none-eabi/13.3.1/../../../../arm-none-eabi/lib/thumb/v8-m.main+fp/hard/libg_nano.a(libc_a-fflush.o)
 .ARM.attributes
                0x00000398       0x38 /opt/arm-gnu-toolchain-13.3.rel1-x86_64-arm-none-eabi/bin/../lib/gcc/arm-none-eabi/13.3.1/../../../../arm-none-eabi/lib/thumb/v8-m.main+fp/hard/libg_nano.a(libc_a-mallocr.o)
 .ARM.attributes
                0x000003d0       0x38 /opt/arm-gnu-toolchain-13.3.rel1-x86_64-arm-none-eabi/bin/../lib/gcc/arm-none-eabi/13.3.1/../../../../arm-none-eabi/lib/thumb/v8-m.main+fp/hard/libg_nano.a(libc_a-closer.o)
 .ARM.attributes
                0x00000408       0x38 /opt/arm-gnu-toolchain-13.3.rel1-x86_64-arm-none-eabi/bin/../lib/gcc/arm-none-eabi/13.3.1/../../../../arm-none-eabi/lib/thumb/v8-m.main+fp/hard/libg_nano.a(libc_a-reent.o)
 .ARM.attributes
                0x00000440       0x38 /opt/arm-gnu-toolchain-13.3.rel1-x86_64-arm-none-eabi/bin/../lib/gcc/arm-none-eabi/13.3.1/../../../../arm-none-eabi/lib/thumb/v8-m.main+fp/hard/libg_nano.a(libc_a-impure.o)
 .ARM.attributes
                0x00000478       0x38 /opt/arm-gnu-toolchain-13.3.rel1-x86_64-arm-none-eabi/bin/../lib/gcc/arm-none-eabi/13.3.1/../../../../arm-none-eabi/lib/thumb/v8-m.main+fp/hard/libg_nano.a(libc_a-mlock.o)
 .ARM.attributes
                0x000004b0       0x38 /opt/arm-gnu-toolchain-13.3.rel1-x86_64-arm-none-eabi/bin/../lib/gcc/arm-none-eabi/13.3.1/../../../../arm-none-eabi/lib/thumb/v8-m.main+fp/hard/libg_nano.a(libc_a-sbrkr.o)
 .ARM.attributes
                0x000004e8       0x38 /opt/arm-gnu-toolchain-13.3.rel1-x86_64-arm-none-eabi/bin/../lib/gcc/arm-none-eabi/13.3.1/../../../../arm-none-eabi/lib/thumb/v8-m.main+fp/hard/libg_nano.a(libc_a-freer.o)
 .ARM.attributes
                0x00000520       0x38 /opt/arm-gnu-toolchain-13.3.rel1-x86_64-arm-none-eabi/bin/../lib/gcc/arm-none-eabi/13.3.1/../../../../arm-none-eabi/lib/thumb/v8-m.main+fp/hard/librdimon_nano.a(arm_librdimon_a-_exit.o)
 .ARM.attributes
                0x00000558       0x38 /opt/arm-gnu-toolchain-13.3.rel1-x86_64-arm-none-eabi/bin/../lib/gcc/arm-none-eabi/13.3.1/../../../../arm-none-eabi/lib/thumb/v8-m.main+fp/hard/librdimon_nano.a(arm_librdimon_a-_kill.o)
 .ARM.attributes
                0x00000590       0x38 /opt/arm-gnu-toolchain-13.3.rel1-x86_64-arm-none-eabi/bin/../lib/gcc/arm-none-eabi/13.3.1/../../../../arm-none-eabi/lib/thumb/v8-m.main+fp/hard/librdimon_nano.a(arm_librdimon_a-syscalls.o)
 .ARM.attributes
                0x000005c8       0x38 /opt/arm-gnu-toolchain-13.3.rel1-x86_64-arm-none-eabi/bin/../lib/gcc/arm-none-eabi/13.3.1/../../../../arm-none-eabi/lib/thumb/v8-m.main+fp/hard/libc_nano.a(libc_a-errno.o)
 .ARM.attributes
                0x00000600       0x24 /opt/arm-gnu-toolchain-13.3.rel1-x86_64-arm-none-eabi/bin/../lib/gcc/arm-none-eabi/13.3.1/../../../../arm-none-eabi/lib/thumb/v8-m.main+fp/hard/libc_nano.a(libc_a-strlen.o)
 .ARM.attributes
                0x00000624       0x38 /opt/arm-gnu-toolchain-13.3.rel1-x86_64-arm-none-eabi/bin/../lib/gcc/arm-none-eabi/13.3.1/thumb/v8-m.main+fp/hard/crtend.o
 .ARM.attributes
                0x0000065c       0x26 /opt/arm-gnu-toolchain-13.3.rel1-x86_64-arm-none-eabi/bin/../lib/gcc/arm-none-eabi/13.3.1/thumb/v8-m.main+fp/hard/crtn.o

.comment        0x00000000       0x45
 .comment       0x00000000       0x45 CMakeFiles/register_test_2.elf.dir/main.c.obj
                                 0x46 (size before relaxing)
 .comment       0x00000045       0x46 soc/libsoc.a(startup.c.obj)
 .comment       0x00000045       0x46 soc/libsoc.a(system.c.obj)

.debug_line_str
                0x00000000      0x1bb
 .debug_line_str
                0x00000000      0x1bb /opt/arm-gnu-toolchain-13.3.rel1-x86_64-arm-none-eabi/bin/../lib/gcc/arm-none-eabi/13.3.1/../../../../arm-none-eabi/lib/thumb/v8-m.main+fp/hard/rdimon-crt0.o
                                 0xd3 (size before relaxing)
 .debug_line_str
                0x000001bb       0xe8 /opt/arm-gnu-toolchain-13.3.rel1-x86_64-arm-none-eabi/bin/../lib/gcc/arm-none-eabi/13.3.1/../../../../arm-none-eabi/lib/thumb/v8-m.main+fp/hard/libc_nano.a(libc_a-strlen.o)

.debug_info     0x00000000       0xf2
 .debug_info    0x00000000       0xf2 CMakeFiles/register_test_2.elf.dir/main.c.obj

.debug_abbrev   0x00000000       0xa2
 .debug_abbrev  0x00000000       0xa2 CMakeFiles/register_test_2.elf.dir/main.c.obj

.debug_aranges  0x00000000       0x20
 .debug_aranges
                0x00000000       0x20 CMakeFiles/register_test_2.elf.dir/main.c.obj

.debug_line     0x00000000      0x149
 .debug_line    0x00000000      0x149 CMakeFiles/register_test_2.elf.dir/main.c.obj

.debug_str      0x00000000      0x14d
 .debug_str     0x00000000      0x14d CMakeFiles/register_test_2.elf.dir/main.c.obj
                                0x18a (size before relaxing)

.debug_frame    0x00000000      0x9c8
 .debug_frame   0x00000000       0x58 CMakeFiles/register_test_2.elf.dir/main.c.obj
 .debug_frame   0x00000058       0x28 /opt/arm-gnu-toolchain-13.3.rel1-x86_64-arm-none-eabi/bin/../lib/gcc/arm-none-eabi/13.3.1/../../../../arm-none-eabi/lib/thumb/v8-m.main+fp/hard/libg_nano.a(libc_a-exit.o)
 .debug_frame   0x00000080       0x2c /opt/arm-gnu-toolchain-13.3.rel1-x86_64-arm-none-eabi/bin/../lib/gcc/arm-none-eabi/13.3.1/../../../../arm-none-eabi/lib/thumb/v8-m.main+fp/hard/libg_nano.a(libc_a-init.o)
 .debug_frame   0x000000ac       0x20 /opt/arm-gnu-toolchain-13.3.rel1-x86_64-arm-none-eabi/bin/../lib/gcc/arm-none-eabi/13.3.1/../../../../arm-none-eabi/lib/thumb/v8-m.main+fp/hard/libg_nano.a(libc_a-memset.o)
 .debug_frame   0x000000cc      0x144 /opt/arm-gnu-toolchain-13.3.rel1-x86_64-arm-none-eabi/bin/../lib/gcc/arm-none-eabi/13.3.1/../../../../arm-none-eabi/lib/thumb/v8-m.main+fp/hard/libg_nano.a(libc_a-findfp.o)
 .debug_frame   0x00000210       0x88 /opt/arm-gnu-toolchain-13.3.rel1-x86_64-arm-none-eabi/bin/../lib/gcc/arm-none-eabi/13.3.1/../../../../arm-none-eabi/lib/thumb/v8-m.main+fp/hard/libg_nano.a(libc_a-stdio.o)
 .debug_frame   0x00000298       0x2c /opt/arm-gnu-toolchain-13.3.rel1-x86_64-arm-none-eabi/bin/../lib/gcc/arm-none-eabi/13.3.1/../../../../arm-none-eabi/lib/thumb/v8-m.main+fp/hard/libg_nano.a(libc_a-lseekr.o)
 .debug_frame   0x000002c4       0x2c /opt/arm-gnu-toolchain-13.3.rel1-x86_64-arm-none-eabi/bin/../lib/gcc/arm-none-eabi/13.3.1/../../../../arm-none-eabi/lib/thumb/v8-m.main+fp/hard/libg_nano.a(libc_a-readr.o)
 .debug_frame   0x000002f0       0x34 /opt/arm-gnu-toolchain-13.3.rel1-x86_64-arm-none-eabi/bin/../lib/gcc/arm-none-eabi/13.3.1/../../../../arm-none-eabi/lib/thumb/v8-m.main+fp/hard/libg_nano.a(libc_a-fwalk.o)
 .debug_frame   0x00000324       0x2c /opt/arm-gnu-toolchain-13.3.rel1-x86_64-arm-none-eabi/bin/../lib/gcc/arm-none-eabi/13.3.1/../../../../arm-none-eabi/lib/thumb/v8-m.main+fp/hard/libg_nano.a(libc_a-writer.o)
 .debug_frame   0x00000350       0xb0 /opt/arm-gnu-toolchain-13.3.rel1-x86_64-arm-none-eabi/bin/../lib/gcc/arm-none-eabi/13.3.1/../../../../arm-none-eabi/lib/thumb/v8-m.main+fp/hard/libg_nano.a(libc_a-lock.o)
 .debug_frame   0x00000400       0x5c /opt/arm-gnu-toolchain-13.3.rel1-x86_64-arm-none-eabi/bin/../lib/gcc/arm-none-eabi/13.3.1/../../../../arm-none-eabi/lib/thumb/v8-m.main+fp/hard/libg_nano.a(libc_a-fflush.o)
 .debug_frame   0x0000045c       0x50 /opt/arm-gnu-toolchain-13.3.rel1-x86_64-arm-none-eabi/bin/../lib/gcc/arm-none-eabi/13.3.1/../../../../arm-none-eabi/lib/thumb/v8-m.main+fp/hard/libg_nano.a(libc_a-mallocr.o)
 .debug_frame   0x000004ac       0x2c /opt/arm-gnu-toolchain-13.3.rel1-x86_64-arm-none-eabi/bin/../lib/gcc/arm-none-eabi/13.3.1/../../../../arm-none-eabi/lib/thumb/v8-m.main+fp/hard/libg_nano.a(libc_a-closer.o)
 .debug_frame   0x000004d8       0x38 /opt/arm-gnu-toolchain-13.3.rel1-x86_64-arm-none-eabi/bin/../lib/gcc/arm-none-eabi/13.3.1/../../../../arm-none-eabi/lib/thumb/v8-m.main+fp/hard/libg_nano.a(libc_a-reent.o)
 .debug_frame   0x00000510       0x30 /opt/arm-gnu-toolchain-13.3.rel1-x86_64-arm-none-eabi/bin/../lib/gcc/arm-none-eabi/13.3.1/../../../../arm-none-eabi/lib/thumb/v8-m.main+fp/hard/libg_nano.a(libc_a-mlock.o)
 .debug_frame   0x00000540       0x2c /opt/arm-gnu-toolchain-13.3.rel1-x86_64-arm-none-eabi/bin/../lib/gcc/arm-none-eabi/13.3.1/../../../../arm-none-eabi/lib/thumb/v8-m.main+fp/hard/libg_nano.a(libc_a-sbrkr.o)
 .debug_frame   0x0000056c       0x38 /opt/arm-gnu-toolchain-13.3.rel1-x86_64-arm-none-eabi/bin/../lib/gcc/arm-none-eabi/13.3.1/../../../../arm-none-eabi/lib/thumb/v8-m.main+fp/hard/libg_nano.a(libc_a-freer.o)
 .debug_frame   0x000005a4       0x28 /opt/arm-gnu-toolchain-13.3.rel1-x86_64-arm-none-eabi/bin/../lib/gcc/arm-none-eabi/13.3.1/../../../../arm-none-eabi/lib/thumb/v8-m.main+fp/hard/librdimon_nano.a(arm_librdimon_a-_exit.o)
 .debug_frame   0x000005cc       0x40 /opt/arm-gnu-toolchain-13.3.rel1-x86_64-arm-none-eabi/bin/../lib/gcc/arm-none-eabi/13.3.1/../../../../arm-none-eabi/lib/thumb/v8-m.main+fp/hard/librdimon_nano.a(arm_librdimon_a-_kill.o)
 .debug_frame   0x0000060c      0x39c /opt/arm-gnu-toolchain-13.3.rel1-x86_64-arm-none-eabi/bin/../lib/gcc/arm-none-eabi/13.3.1/../../../../arm-none-eabi/lib/thumb/v8-m.main+fp/hard/librdimon_nano.a(arm_librdimon_a-syscalls.o)
 .debug_frame   0x000009a8       0x20 /opt/arm-gnu-toolchain-13.3.rel1-x86_64-arm-none-eabi/bin/../lib/gcc/arm-none-eabi/13.3.1/../../../../arm-none-eabi/lib/thumb/v8-m.main+fp/hard/libc_nano.a(libc_a-errno.o)
